
==========================================================================
resizer report_tns
--------------------------------------------------------------------------
tns max -32770.94

==========================================================================
resizer report_wns
--------------------------------------------------------------------------
wns max -68.47

==========================================================================
resizer report_worst_slack
--------------------------------------------------------------------------
worst slack max -68.47

==========================================================================
resizer report_clock_min_period
--------------------------------------------------------------------------
core_clock period_min = 1068.47 fmax = 935.91

==========================================================================
resizer report_checks -path_delay min
--------------------------------------------------------------------------
Startpoint: rst_ni (input port clocked by core_clock)
Endpoint: gen_regfile_ff.register_file_i.rf_reg[412]$_DFFE_PN0P_
          (removal check against rising-edge clock core_clock)
Path Group: asynchronous
Path Type: min

Fanout     Cap    Slew   Delay    Time   Description
-----------------------------------------------------------------------------
                  0.00    0.00    0.00   clock core_clock (rise edge)
                          0.00    0.00   clock network delay (ideal)
                        200.00  200.00 ^ input external delay
     1    1.19    0.00    0.00  200.00 ^ rst_ni (in)
                                         rst_ni (net)
                  0.24    0.07  200.07 ^ input1829/A (BUFx8_ASAP7_75t_R)
     7   21.61   20.03   16.22  216.29 ^ input1829/Y (BUFx8_ASAP7_75t_R)
                                         net1828 (net)
                 69.82   20.96  237.25 ^ gen_regfile_ff.register_file_i.rf_reg[412]$_DFFE_PN0P_/RESETN (DFFASRHQNx1_ASAP7_75t_R)
                                237.25   data arrival time

                  0.00    0.00    0.00   clock core_clock (rise edge)
                          0.00    0.00   clock network delay (ideal)
                          0.00    0.00   clock reconvergence pessimism
                                  0.00 ^ gen_regfile_ff.register_file_i.rf_reg[412]$_DFFE_PN0P_/CLK (DFFASRHQNx1_ASAP7_75t_R)
                         24.19   24.19   library removal time
                                 24.19   data required time
-----------------------------------------------------------------------------
                                 24.19   data required time
                               -237.25   data arrival time
-----------------------------------------------------------------------------
                                213.06   slack (MET)


Startpoint: core_clock_gate_i.en_latch$_DLATCH_N_
            (negative level-sensitive latch clocked by core_clock)
Endpoint: _22009_ (rising clock gating-check end-point clocked by core_clock)
Path Group: gated clock
Path Type: min

Fanout     Cap    Slew   Delay    Time   Description
-----------------------------------------------------------------------------
                  0.00  500.00  500.00   clock core_clock (fall edge)
                          0.00  500.00   clock network delay (ideal)
                  0.00    0.00  500.00 v core_clock_gate_i.en_latch$_DLATCH_N_/CLK (DLLx1_ASAP7_75t_R)
     1    0.40    6.51   17.54  517.54 ^ core_clock_gate_i.en_latch$_DLATCH_N_/Q (DLLx1_ASAP7_75t_R)
                                         core_clock_gate_i.en_latch (net)
                  6.51    0.01  517.56 ^ _22009_/B (AND2x2_ASAP7_75t_R)
                                517.56   data arrival time

                  0.00  500.00  500.00   clock core_clock (fall edge)
                          0.00  500.00   clock network delay (ideal)
                          0.00  500.00   clock reconvergence pessimism
                                500.00 v _22009_/A (AND2x2_ASAP7_75t_R)
                          0.00  500.00   clock gating hold time
                                500.00   data required time
-----------------------------------------------------------------------------
                                500.00   data required time
                               -517.56   data arrival time
-----------------------------------------------------------------------------
                                 17.56   slack (MET)


Startpoint: fetch_enable_q$_DFFE_PN0P_
            (rising edge-triggered flip-flop clocked by core_clock)
Endpoint: fetch_enable_q$_DFFE_PN0P_
          (rising edge-triggered flip-flop clocked by core_clock)
Path Group: core_clock
Path Type: min

Fanout     Cap    Slew   Delay    Time   Description
-----------------------------------------------------------------------------
                  0.00    0.00    0.00   clock core_clock (rise edge)
                          0.00    0.00   clock network delay (ideal)
                  0.00    0.00    0.00 ^ fetch_enable_q$_DFFE_PN0P_/CLK (DFFASRHQNx1_ASAP7_75t_R)
     2    1.19   16.42   37.70   37.70 ^ fetch_enable_q$_DFFE_PN0P_/QN (DFFASRHQNx1_ASAP7_75t_R)
                                         _01329_ (net)
                 16.42    0.03   37.72 ^ _28794_/B (NAND2x1_ASAP7_75t_R)
     1    0.74    7.56    8.20   45.93 v _28794_/Y (NAND2x1_ASAP7_75t_R)
                                         _14544_ (net)
                  7.56    0.04   45.97 v fetch_enable_q$_DFFE_PN0P_/D (DFFASRHQNx1_ASAP7_75t_R)
                                 45.97   data arrival time

                  0.00    0.00    0.00   clock core_clock (rise edge)
                          0.00    0.00   clock network delay (ideal)
                          0.00    0.00   clock reconvergence pessimism
                                  0.00 ^ fetch_enable_q$_DFFE_PN0P_/CLK (DFFASRHQNx1_ASAP7_75t_R)
                          9.12    9.12   library hold time
                                  9.12   data required time
-----------------------------------------------------------------------------
                                  9.12   data required time
                                -45.97   data arrival time
-----------------------------------------------------------------------------
                                 36.84   slack (MET)



==========================================================================
resizer report_checks -path_delay max
--------------------------------------------------------------------------
Startpoint: rst_ni (input port clocked by core_clock)
Endpoint: gen_regfile_ff.register_file_i.rf_reg[851]$_DFFE_PN0P_
          (recovery check against rising-edge clock core_clock)
Path Group: asynchronous
Path Type: max

Fanout     Cap    Slew   Delay    Time   Description
-----------------------------------------------------------------------------
                  0.00    0.00    0.00   clock core_clock (rise edge)
                          0.00    0.00   clock network delay (ideal)
                        200.00  200.00 ^ input external delay
     1    1.40    0.00    0.00  200.00 ^ rst_ni (in)
                                         rst_ni (net)
                  0.29    0.09  200.09 ^ input1829/A (BUFx8_ASAP7_75t_R)
     7   22.89   18.86   16.35  216.45 ^ input1829/Y (BUFx8_ASAP7_75t_R)
                                         net1828 (net)
                 34.29    7.66  224.10 ^ place6154/A (BUFx6f_ASAP7_75t_R)
    74   75.08   89.76   43.94  268.04 ^ place6154/Y (BUFx6f_ASAP7_75t_R)
                                         net6153 (net)
                 89.88    2.20  270.25 ^ place6146/A (BUFx3_ASAP7_75t_R)
    40   43.28   99.32   57.71  327.95 ^ place6146/Y (BUFx3_ASAP7_75t_R)
                                         net6145 (net)
                104.40   12.10  340.06 ^ place6145/A (BUFx3_ASAP7_75t_R)
    43   44.52  105.55   53.43  393.49 ^ place6145/Y (BUFx3_ASAP7_75t_R)
                                         net6144 (net)
                122.74   22.20  415.69 ^ place6143/A (BUFx3_ASAP7_75t_R)
    52   51.49  120.84   60.72  476.41 ^ place6143/Y (BUFx3_ASAP7_75t_R)
                                         net6142 (net)
                137.33   23.25  499.66 ^ gen_regfile_ff.register_file_i.rf_reg[851]$_DFFE_PN0P_/RESETN (DFFASRHQNx1_ASAP7_75t_R)
                                499.66   data arrival time

                  0.00 1000.00 1000.00   clock core_clock (rise edge)
                          0.00 1000.00   clock network delay (ideal)
                          0.00 1000.00   clock reconvergence pessimism
                               1000.00 ^ gen_regfile_ff.register_file_i.rf_reg[851]$_DFFE_PN0P_/CLK (DFFASRHQNx1_ASAP7_75t_R)
                         17.65 1017.65   library recovery time
                               1017.65   data required time
-----------------------------------------------------------------------------
                               1017.65   data required time
                               -499.66   data arrival time
-----------------------------------------------------------------------------
                                517.99   slack (MET)


Startpoint: core_clock_gate_i.en_latch$_DLATCH_N_
            (negative level-sensitive latch clocked by core_clock)
Endpoint: _22009_ (rising clock gating-check end-point clocked by core_clock)
Path Group: gated clock
Path Type: max

Fanout     Cap    Slew   Delay    Time   Description
-----------------------------------------------------------------------------
                  0.00  500.00  500.00   clock core_clock (fall edge)
                          0.00  500.00   clock network delay (ideal)
                  0.00    0.00  500.00 v core_clock_gate_i.en_latch$_DLATCH_N_/CLK (DLLx1_ASAP7_75t_R)
     1    0.65    7.74   27.43  527.43 v core_clock_gate_i.en_latch$_DLATCH_N_/Q (DLLx1_ASAP7_75t_R)
                                         core_clock_gate_i.en_latch (net)
                  7.75    0.03  527.45 v _22009_/B (AND2x2_ASAP7_75t_R)
                                527.45   data arrival time

                  0.00 1000.00 1000.00   clock core_clock (rise edge)
                          0.00 1000.00   clock network delay (ideal)
                          0.00 1000.00   clock reconvergence pessimism
                               1000.00 ^ _22009_/A (AND2x2_ASAP7_75t_R)
                          0.00 1000.00   clock gating setup time
                               1000.00   data required time
-----------------------------------------------------------------------------
                               1000.00   data required time
                               -527.45   data arrival time
-----------------------------------------------------------------------------
                                472.55   slack (MET)


Startpoint: if_stage_i.instr_rdata_id_o[15]$_DFFE_PP_
            (rising edge-triggered flip-flop clocked by core_clock)
Endpoint: gen_regfile_ff.register_file_i.rf_reg[858]$_DFFE_PN0P_
          (rising edge-triggered flip-flop clocked by core_clock)
Path Group: core_clock
Path Type: max

Fanout     Cap    Slew   Delay    Time   Description
-----------------------------------------------------------------------------
                  0.00    0.00    0.00   clock core_clock (rise edge)
                          0.00    0.00   clock network delay (ideal)
                  0.00    0.00    0.00 ^ if_stage_i.instr_rdata_id_o[15]$_DFFE_PP_/CLK (DFFHQNx3_ASAP7_75t_R)
     5   15.63   53.42   58.70   58.70 ^ if_stage_i.instr_rdata_id_o[15]$_DFFE_PP_/QN (DFFHQNx3_ASAP7_75t_R)
                                         _00120_ (net)
                 67.17   13.99   72.69 ^ place6107/A (BUFx6f_ASAP7_75t_R)
     4    6.98   12.55   23.88   96.57 ^ place6107/Y (BUFx6f_ASAP7_75t_R)
                                         net6106 (net)
                 12.55    0.19   96.77 ^ place6100/A (BUFx6f_ASAP7_75t_R)
    15   21.04   27.23   20.00  116.77 ^ place6100/Y (BUFx6f_ASAP7_75t_R)
                                         net6099 (net)
                 33.81    6.93  123.69 ^ place6094/A (BUFx6f_ASAP7_75t_R)
    12   11.31   16.34   21.57  145.27 ^ place6094/Y (BUFx6f_ASAP7_75t_R)
                                         net6093 (net)
                 17.17    1.97  147.24 ^ _17902_/A (NAND2x1_ASAP7_75t_R)
     1    0.48   10.61    7.98  155.22 v _17902_/Y (NAND2x1_ASAP7_75t_R)
                                         _03684_ (net)
                 10.61    0.02  155.23 v _17903_/B (OA211x2_ASAP7_75t_R)
     1    0.84    9.82   26.15  181.38 v _17903_/Y (OA211x2_ASAP7_75t_R)
                                         _03685_ (net)
                  9.83    0.05  181.43 v _17906_/B (OR3x1_ASAP7_75t_R)
     1    1.04   11.64   25.11  206.54 v _17906_/Y (OR3x1_ASAP7_75t_R)
                                         _03688_ (net)
                 11.64    0.10  206.63 v _17908_/B2 (AO33x2_ASAP7_75t_R)
     1    1.78   12.10   30.85  237.49 v _17908_/Y (AO33x2_ASAP7_75t_R)
                                         _03690_ (net)
                 12.13    0.29  237.78 v _17909_/C (OR3x1_ASAP7_75t_R)
     2    4.07   29.43   35.27  273.05 v _17909_/Y (OR3x1_ASAP7_75t_R)
                                         _03691_ (net)
                 29.60    1.25  274.30 v _21360_/B2 (AO22x1_ASAP7_75t_R)
     1    1.42   12.87   26.16  300.46 v _21360_/Y (AO22x1_ASAP7_75t_R)
                                         _07142_ (net)
                 12.87    0.06  300.52 v place5503/A (BUFx6f_ASAP7_75t_R)
     6   10.43   14.54   15.58  316.10 v place5503/Y (BUFx6f_ASAP7_75t_R)
                                         net5502 (net)
                 24.50    6.50  322.60 v place5501/A (BUFx3_ASAP7_75t_R)
     5    3.73   10.33   20.21  342.81 v place5501/Y (BUFx3_ASAP7_75t_R)
                                         net5500 (net)
                 10.33    0.07  342.89 v _21480_/A (AND2x2_ASAP7_75t_R)
     1    1.80    9.21   19.12  362.01 v _21480_/Y (AND2x2_ASAP7_75t_R)
                                         _07262_ (net)
                  9.21    0.10  362.11 v _17077_/CI (FAx1_ASAP7_75t_R)
     1    0.80   28.84   17.30  379.41 ^ _17077_/CON (FAx1_ASAP7_75t_R)
                                         _02280_ (net)
                 28.84    0.04  379.44 ^ _25938_/A (INVx1_ASAP7_75t_R)
     1    2.64   19.87   15.32  394.77 v _25938_/Y (INVx1_ASAP7_75t_R)
                                         _11688_ (net)
                 19.88    0.27  395.04 v _17040_/B (FAx1_ASAP7_75t_R)
     1    0.82   30.12   22.38  417.42 ^ _17040_/CON (FAx1_ASAP7_75t_R)
                                         _02206_ (net)
     1    0.86   24.77   14.97  432.39 v _17040_/SN (FAx1_ASAP7_75t_R)
                                         _02207_ (net)
                 24.77    0.05  432.43 v _26056_/A (INVx1_ASAP7_75t_R)
     1    1.65   16.17   13.15  445.58 ^ _26056_/Y (INVx1_ASAP7_75t_R)
                                         _11806_ (net)
                 16.17    0.05  445.63 ^ _16939_/CI (FAx1_ASAP7_75t_R)
     1    0.86   24.83   35.76  481.39 v _16939_/SN (FAx1_ASAP7_75t_R)
                                         _02005_ (net)
                 24.83    0.05  481.44 v _26063_/A (INVx1_ASAP7_75t_R)
     1    2.24   19.47   15.15  496.58 ^ _26063_/Y (INVx1_ASAP7_75t_R)
                                         _11813_ (net)
                 19.47    0.08  496.67 ^ _16921_/B (FAx1_ASAP7_75t_R)
     1    0.85   24.63   36.57  533.24 v _16921_/SN (FAx1_ASAP7_75t_R)
                                         _01969_ (net)
                 24.63    0.04  533.29 v _26092_/A (INVx1_ASAP7_75t_R)
     1    2.43   20.45   15.70  548.99 ^ _26092_/Y (INVx1_ASAP7_75t_R)
                                         _11842_ (net)
                 20.45    0.17  549.16 ^ _16900_/B (FAx1_ASAP7_75t_R)
     1    0.74   22.61   35.23  584.39 v _16900_/SN (FAx1_ASAP7_75t_R)
                                         _01927_ (net)
                 22.61    0.03  584.42 v _26125_/A (INVx1_ASAP7_75t_R)
     1    2.31   19.29   14.85  599.27 ^ _26125_/Y (INVx1_ASAP7_75t_R)
                                         _11875_ (net)
                 19.29    0.12  599.39 ^ _16876_/B (FAx1_ASAP7_75t_R)
     1    1.72   48.99   46.26  645.64 ^ _16876_/SN (FAx1_ASAP7_75t_R)
                                         _01879_ (net)
                 48.99    0.26  645.91 ^ _26131_/A (INVx1_ASAP7_75t_R)
     1    1.15   15.62   12.19  658.09 v _26131_/Y (INVx1_ASAP7_75t_R)
                                         _11881_ (net)
                 15.62    0.05  658.14 v _17488_/_300_/A (HAxp5_ASAP7_75t_R)
     6    6.10  122.90   91.04  749.18 v _17488_/_300_/SN (HAxp5_ASAP7_75t_R)
                                         _17488_/_017_ (net)
                122.92    0.85  750.03 v _17488_/_643_/B (NOR2x1_ASAP7_75t_R)
     2    2.90   47.62   36.29  786.32 ^ _17488_/_643_/Y (NOR2x1_ASAP7_75t_R)
                                         _17488_/_285_ (net)
                 47.63    0.33  786.65 ^ _17488_/_340_/B (NAND2x1p5_ASAP7_75t_R)
     3    3.07   22.67   18.15  804.79 v _17488_/_340_/Y (NAND2x1p5_ASAP7_75t_R)
                                         _17488_/_082_ (net)
                 22.67    0.13  804.92 v _17488_/_339_/A (INVx1_ASAP7_75t_R)
     1    0.56    9.57    8.40  813.32 ^ _17488_/_339_/Y (INVx1_ASAP7_75t_R)
                                         _17488_/_081_ (net)
                  9.57    0.02  813.34 ^ _17488_/_342_/A2 (AO221x1_ASAP7_75t_R)
     2    1.52   14.22   23.39  836.73 ^ _17488_/_342_/Y (AO221x1_ASAP7_75t_R)
                                         _03100_ (net)
                 14.22    0.06  836.79 ^ _17488_/_402_/B1 (AO221x1_ASAP7_75t_R)
     2    1.83   16.13   23.25  860.04 ^ _17488_/_402_/Y (AO221x1_ASAP7_75t_R)
                                         _03109_ (net)
                 16.13    0.06  860.10 ^ _17488_/_503_/B (XNOR2x2_ASAP7_75t_R)
     1    1.81   10.99   32.04  892.13 v _17488_/_503_/Y (XNOR2x2_ASAP7_75t_R)
                                         _03254_ (net)
                 11.02    0.30  892.44 v _23908_/A1 (AO22x2_ASAP7_75t_R)
     2    1.70   10.58   21.12  913.56 v _23908_/Y (AO22x2_ASAP7_75t_R)
                                         _09658_ (net)
                 10.60    0.19  913.75 v _25387_/B2 (AO222x2_ASAP7_75t_R)
     1    0.62    9.75   29.92  943.67 v _25387_/Y (AO222x2_ASAP7_75t_R)
                                         _11137_ (net)
                  9.75    0.02  943.69 v _25403_/B (OR4x1_ASAP7_75t_R)
     1    1.29   15.39   31.89  975.59 v _25403_/Y (OR4x1_ASAP7_75t_R)
                                         _11153_ (net)
                 15.40    0.14  975.73 v _25404_/A2 (OA21x2_ASAP7_75t_R)
     3    8.67   29.30   27.58 1003.31 v _25404_/Y (OA21x2_ASAP7_75t_R)
                                         _11154_ (net)
                 33.32    5.64 1008.96 v place4877/A (BUFx3_ASAP7_75t_R)
    15   14.37   29.29   30.61 1039.57 v place4877/Y (BUFx3_ASAP7_75t_R)
                                         net4876 (net)
                 30.20    2.82 1042.38 v _26616_/A1 (AO21x1_ASAP7_75t_R)
     1    0.65    7.46   20.55 1062.94 v _26616_/Y (AO21x1_ASAP7_75t_R)
                                         _12366_ (net)
                  7.46    0.02 1062.96 v gen_regfile_ff.register_file_i.rf_reg[858]$_DFFE_PN0P_/D (DFFASRHQNx1_ASAP7_75t_R)
                               1062.96   data arrival time

                  0.00 1000.00 1000.00   clock core_clock (rise edge)
                          0.00 1000.00   clock network delay (ideal)
                          0.00 1000.00   clock reconvergence pessimism
                               1000.00 ^ gen_regfile_ff.register_file_i.rf_reg[858]$_DFFE_PN0P_/CLK (DFFASRHQNx1_ASAP7_75t_R)
                         -5.52  994.48   library setup time
                                994.48   data required time
-----------------------------------------------------------------------------
                                994.48   data required time
                               -1062.96   data arrival time
-----------------------------------------------------------------------------
                                -68.47   slack (VIOLATED)



==========================================================================
resizer report_checks -unconstrained
--------------------------------------------------------------------------
Startpoint: rst_ni (input port clocked by core_clock)
Endpoint: gen_regfile_ff.register_file_i.rf_reg[851]$_DFFE_PN0P_
          (recovery check against rising-edge clock core_clock)
Path Group: asynchronous
Path Type: max

Fanout     Cap    Slew   Delay    Time   Description
-----------------------------------------------------------------------------
                  0.00    0.00    0.00   clock core_clock (rise edge)
                          0.00    0.00   clock network delay (ideal)
                        200.00  200.00 ^ input external delay
     1    1.40    0.00    0.00  200.00 ^ rst_ni (in)
                                         rst_ni (net)
                  0.29    0.09  200.09 ^ input1829/A (BUFx8_ASAP7_75t_R)
     7   22.89   18.86   16.35  216.45 ^ input1829/Y (BUFx8_ASAP7_75t_R)
                                         net1828 (net)
                 34.29    7.66  224.10 ^ place6154/A (BUFx6f_ASAP7_75t_R)
    74   75.08   89.76   43.94  268.04 ^ place6154/Y (BUFx6f_ASAP7_75t_R)
                                         net6153 (net)
                 89.88    2.20  270.25 ^ place6146/A (BUFx3_ASAP7_75t_R)
    40   43.28   99.32   57.71  327.95 ^ place6146/Y (BUFx3_ASAP7_75t_R)
                                         net6145 (net)
                104.40   12.10  340.06 ^ place6145/A (BUFx3_ASAP7_75t_R)
    43   44.52  105.55   53.43  393.49 ^ place6145/Y (BUFx3_ASAP7_75t_R)
                                         net6144 (net)
                122.74   22.20  415.69 ^ place6143/A (BUFx3_ASAP7_75t_R)
    52   51.49  120.84   60.72  476.41 ^ place6143/Y (BUFx3_ASAP7_75t_R)
                                         net6142 (net)
                137.33   23.25  499.66 ^ gen_regfile_ff.register_file_i.rf_reg[851]$_DFFE_PN0P_/RESETN (DFFASRHQNx1_ASAP7_75t_R)
                                499.66   data arrival time

                  0.00 1000.00 1000.00   clock core_clock (rise edge)
                          0.00 1000.00   clock network delay (ideal)
                          0.00 1000.00   clock reconvergence pessimism
                               1000.00 ^ gen_regfile_ff.register_file_i.rf_reg[851]$_DFFE_PN0P_/CLK (DFFASRHQNx1_ASAP7_75t_R)
                         17.65 1017.65   library recovery time
                               1017.65   data required time
-----------------------------------------------------------------------------
                               1017.65   data required time
                               -499.66   data arrival time
-----------------------------------------------------------------------------
                                517.99   slack (MET)


Startpoint: core_clock_gate_i.en_latch$_DLATCH_N_
            (negative level-sensitive latch clocked by core_clock)
Endpoint: _22009_ (rising clock gating-check end-point clocked by core_clock)
Path Group: gated clock
Path Type: max

Fanout     Cap    Slew   Delay    Time   Description
-----------------------------------------------------------------------------
                  0.00  500.00  500.00   clock core_clock (fall edge)
                          0.00  500.00   clock network delay (ideal)
                  0.00    0.00  500.00 v core_clock_gate_i.en_latch$_DLATCH_N_/CLK (DLLx1_ASAP7_75t_R)
     1    0.65    7.74   27.43  527.43 v core_clock_gate_i.en_latch$_DLATCH_N_/Q (DLLx1_ASAP7_75t_R)
                                         core_clock_gate_i.en_latch (net)
                  7.75    0.03  527.45 v _22009_/B (AND2x2_ASAP7_75t_R)
                                527.45   data arrival time

                  0.00 1000.00 1000.00   clock core_clock (rise edge)
                          0.00 1000.00   clock network delay (ideal)
                          0.00 1000.00   clock reconvergence pessimism
                               1000.00 ^ _22009_/A (AND2x2_ASAP7_75t_R)
                          0.00 1000.00   clock gating setup time
                               1000.00   data required time
-----------------------------------------------------------------------------
                               1000.00   data required time
                               -527.45   data arrival time
-----------------------------------------------------------------------------
                                472.55   slack (MET)


Startpoint: if_stage_i.instr_rdata_id_o[15]$_DFFE_PP_
            (rising edge-triggered flip-flop clocked by core_clock)
Endpoint: gen_regfile_ff.register_file_i.rf_reg[858]$_DFFE_PN0P_
          (rising edge-triggered flip-flop clocked by core_clock)
Path Group: core_clock
Path Type: max

Fanout     Cap    Slew   Delay    Time   Description
-----------------------------------------------------------------------------
                  0.00    0.00    0.00   clock core_clock (rise edge)
                          0.00    0.00   clock network delay (ideal)
                  0.00    0.00    0.00 ^ if_stage_i.instr_rdata_id_o[15]$_DFFE_PP_/CLK (DFFHQNx3_ASAP7_75t_R)
     5   15.63   53.42   58.70   58.70 ^ if_stage_i.instr_rdata_id_o[15]$_DFFE_PP_/QN (DFFHQNx3_ASAP7_75t_R)
                                         _00120_ (net)
                 67.17   13.99   72.69 ^ place6107/A (BUFx6f_ASAP7_75t_R)
     4    6.98   12.55   23.88   96.57 ^ place6107/Y (BUFx6f_ASAP7_75t_R)
                                         net6106 (net)
                 12.55    0.19   96.77 ^ place6100/A (BUFx6f_ASAP7_75t_R)
    15   21.04   27.23   20.00  116.77 ^ place6100/Y (BUFx6f_ASAP7_75t_R)
                                         net6099 (net)
                 33.81    6.93  123.69 ^ place6094/A (BUFx6f_ASAP7_75t_R)
    12   11.31   16.34   21.57  145.27 ^ place6094/Y (BUFx6f_ASAP7_75t_R)
                                         net6093 (net)
                 17.17    1.97  147.24 ^ _17902_/A (NAND2x1_ASAP7_75t_R)
     1    0.48   10.61    7.98  155.22 v _17902_/Y (NAND2x1_ASAP7_75t_R)
                                         _03684_ (net)
                 10.61    0.02  155.23 v _17903_/B (OA211x2_ASAP7_75t_R)
     1    0.84    9.82   26.15  181.38 v _17903_/Y (OA211x2_ASAP7_75t_R)
                                         _03685_ (net)
                  9.83    0.05  181.43 v _17906_/B (OR3x1_ASAP7_75t_R)
     1    1.04   11.64   25.11  206.54 v _17906_/Y (OR3x1_ASAP7_75t_R)
                                         _03688_ (net)
                 11.64    0.10  206.63 v _17908_/B2 (AO33x2_ASAP7_75t_R)
     1    1.78   12.10   30.85  237.49 v _17908_/Y (AO33x2_ASAP7_75t_R)
                                         _03690_ (net)
                 12.13    0.29  237.78 v _17909_/C (OR3x1_ASAP7_75t_R)
     2    4.07   29.43   35.27  273.05 v _17909_/Y (OR3x1_ASAP7_75t_R)
                                         _03691_ (net)
                 29.60    1.25  274.30 v _21360_/B2 (AO22x1_ASAP7_75t_R)
     1    1.42   12.87   26.16  300.46 v _21360_/Y (AO22x1_ASAP7_75t_R)
                                         _07142_ (net)
                 12.87    0.06  300.52 v place5503/A (BUFx6f_ASAP7_75t_R)
     6   10.43   14.54   15.58  316.10 v place5503/Y (BUFx6f_ASAP7_75t_R)
                                         net5502 (net)
                 24.50    6.50  322.60 v place5501/A (BUFx3_ASAP7_75t_R)
     5    3.73   10.33   20.21  342.81 v place5501/Y (BUFx3_ASAP7_75t_R)
                                         net5500 (net)
                 10.33    0.07  342.89 v _21480_/A (AND2x2_ASAP7_75t_R)
     1    1.80    9.21   19.12  362.01 v _21480_/Y (AND2x2_ASAP7_75t_R)
                                         _07262_ (net)
                  9.21    0.10  362.11 v _17077_/CI (FAx1_ASAP7_75t_R)
     1    0.80   28.84   17.30  379.41 ^ _17077_/CON (FAx1_ASAP7_75t_R)
                                         _02280_ (net)
                 28.84    0.04  379.44 ^ _25938_/A (INVx1_ASAP7_75t_R)
     1    2.64   19.87   15.32  394.77 v _25938_/Y (INVx1_ASAP7_75t_R)
                                         _11688_ (net)
                 19.88    0.27  395.04 v _17040_/B (FAx1_ASAP7_75t_R)
     1    0.82   30.12   22.38  417.42 ^ _17040_/CON (FAx1_ASAP7_75t_R)
                                         _02206_ (net)
     1    0.86   24.77   14.97  432.39 v _17040_/SN (FAx1_ASAP7_75t_R)
                                         _02207_ (net)
                 24.77    0.05  432.43 v _26056_/A (INVx1_ASAP7_75t_R)
     1    1.65   16.17   13.15  445.58 ^ _26056_/Y (INVx1_ASAP7_75t_R)
                                         _11806_ (net)
                 16.17    0.05  445.63 ^ _16939_/CI (FAx1_ASAP7_75t_R)
     1    0.86   24.83   35.76  481.39 v _16939_/SN (FAx1_ASAP7_75t_R)
                                         _02005_ (net)
                 24.83    0.05  481.44 v _26063_/A (INVx1_ASAP7_75t_R)
     1    2.24   19.47   15.15  496.58 ^ _26063_/Y (INVx1_ASAP7_75t_R)
                                         _11813_ (net)
                 19.47    0.08  496.67 ^ _16921_/B (FAx1_ASAP7_75t_R)
     1    0.85   24.63   36.57  533.24 v _16921_/SN (FAx1_ASAP7_75t_R)
                                         _01969_ (net)
                 24.63    0.04  533.29 v _26092_/A (INVx1_ASAP7_75t_R)
     1    2.43   20.45   15.70  548.99 ^ _26092_/Y (INVx1_ASAP7_75t_R)
                                         _11842_ (net)
                 20.45    0.17  549.16 ^ _16900_/B (FAx1_ASAP7_75t_R)
     1    0.74   22.61   35.23  584.39 v _16900_/SN (FAx1_ASAP7_75t_R)
                                         _01927_ (net)
                 22.61    0.03  584.42 v _26125_/A (INVx1_ASAP7_75t_R)
     1    2.31   19.29   14.85  599.27 ^ _26125_/Y (INVx1_ASAP7_75t_R)
                                         _11875_ (net)
                 19.29    0.12  599.39 ^ _16876_/B (FAx1_ASAP7_75t_R)
     1    1.72   48.99   46.26  645.64 ^ _16876_/SN (FAx1_ASAP7_75t_R)
                                         _01879_ (net)
                 48.99    0.26  645.91 ^ _26131_/A (INVx1_ASAP7_75t_R)
     1    1.15   15.62   12.19  658.09 v _26131_/Y (INVx1_ASAP7_75t_R)
                                         _11881_ (net)
                 15.62    0.05  658.14 v _17488_/_300_/A (HAxp5_ASAP7_75t_R)
     6    6.10  122.90   91.04  749.18 v _17488_/_300_/SN (HAxp5_ASAP7_75t_R)
                                         _17488_/_017_ (net)
                122.92    0.85  750.03 v _17488_/_643_/B (NOR2x1_ASAP7_75t_R)
     2    2.90   47.62   36.29  786.32 ^ _17488_/_643_/Y (NOR2x1_ASAP7_75t_R)
                                         _17488_/_285_ (net)
                 47.63    0.33  786.65 ^ _17488_/_340_/B (NAND2x1p5_ASAP7_75t_R)
     3    3.07   22.67   18.15  804.79 v _17488_/_340_/Y (NAND2x1p5_ASAP7_75t_R)
                                         _17488_/_082_ (net)
                 22.67    0.13  804.92 v _17488_/_339_/A (INVx1_ASAP7_75t_R)
     1    0.56    9.57    8.40  813.32 ^ _17488_/_339_/Y (INVx1_ASAP7_75t_R)
                                         _17488_/_081_ (net)
                  9.57    0.02  813.34 ^ _17488_/_342_/A2 (AO221x1_ASAP7_75t_R)
     2    1.52   14.22   23.39  836.73 ^ _17488_/_342_/Y (AO221x1_ASAP7_75t_R)
                                         _03100_ (net)
                 14.22    0.06  836.79 ^ _17488_/_402_/B1 (AO221x1_ASAP7_75t_R)
     2    1.83   16.13   23.25  860.04 ^ _17488_/_402_/Y (AO221x1_ASAP7_75t_R)
                                         _03109_ (net)
                 16.13    0.06  860.10 ^ _17488_/_503_/B (XNOR2x2_ASAP7_75t_R)
     1    1.81   10.99   32.04  892.13 v _17488_/_503_/Y (XNOR2x2_ASAP7_75t_R)
                                         _03254_ (net)
                 11.02    0.30  892.44 v _23908_/A1 (AO22x2_ASAP7_75t_R)
     2    1.70   10.58   21.12  913.56 v _23908_/Y (AO22x2_ASAP7_75t_R)
                                         _09658_ (net)
                 10.60    0.19  913.75 v _25387_/B2 (AO222x2_ASAP7_75t_R)
     1    0.62    9.75   29.92  943.67 v _25387_/Y (AO222x2_ASAP7_75t_R)
                                         _11137_ (net)
                  9.75    0.02  943.69 v _25403_/B (OR4x1_ASAP7_75t_R)
     1    1.29   15.39   31.89  975.59 v _25403_/Y (OR4x1_ASAP7_75t_R)
                                         _11153_ (net)
                 15.40    0.14  975.73 v _25404_/A2 (OA21x2_ASAP7_75t_R)
     3    8.67   29.30   27.58 1003.31 v _25404_/Y (OA21x2_ASAP7_75t_R)
                                         _11154_ (net)
                 33.32    5.64 1008.96 v place4877/A (BUFx3_ASAP7_75t_R)
    15   14.37   29.29   30.61 1039.57 v place4877/Y (BUFx3_ASAP7_75t_R)
                                         net4876 (net)
                 30.20    2.82 1042.38 v _26616_/A1 (AO21x1_ASAP7_75t_R)
     1    0.65    7.46   20.55 1062.94 v _26616_/Y (AO21x1_ASAP7_75t_R)
                                         _12366_ (net)
                  7.46    0.02 1062.96 v gen_regfile_ff.register_file_i.rf_reg[858]$_DFFE_PN0P_/D (DFFASRHQNx1_ASAP7_75t_R)
                               1062.96   data arrival time

                  0.00 1000.00 1000.00   clock core_clock (rise edge)
                          0.00 1000.00   clock network delay (ideal)
                          0.00 1000.00   clock reconvergence pessimism
                               1000.00 ^ gen_regfile_ff.register_file_i.rf_reg[858]$_DFFE_PN0P_/CLK (DFFASRHQNx1_ASAP7_75t_R)
                         -5.52  994.48   library setup time
                                994.48   data required time
-----------------------------------------------------------------------------
                                994.48   data required time
                               -1062.96   data arrival time
-----------------------------------------------------------------------------
                                -68.47   slack (VIOLATED)



==========================================================================
resizer report_check_types -max_slew -max_cap -max_fanout -violators
--------------------------------------------------------------------------

==========================================================================
resizer max_slew_check_slack
--------------------------------------------------------------------------
126.63704681396484

==========================================================================
resizer max_slew_check_limit
--------------------------------------------------------------------------
320.0

==========================================================================
resizer max_slew_check_slack_limit
--------------------------------------------------------------------------
0.3957

==========================================================================
resizer max_fanout_check_slack
--------------------------------------------------------------------------
1.0000000150474662e+30

==========================================================================
resizer max_fanout_check_limit
--------------------------------------------------------------------------
1.0000000150474662e+30

==========================================================================
resizer max_capacitance_check_slack
--------------------------------------------------------------------------
0.7518332004547119

==========================================================================
resizer max_capacitance_check_limit
--------------------------------------------------------------------------
23.040000915527344

==========================================================================
resizer max_capacitance_check_slack_limit
--------------------------------------------------------------------------
0.0326

==========================================================================
resizer max_slew_violation_count
--------------------------------------------------------------------------
max slew violation count 0

==========================================================================
resizer max_fanout_violation_count
--------------------------------------------------------------------------
max fanout violation count 0

==========================================================================
resizer max_cap_violation_count
--------------------------------------------------------------------------
max cap violation count 0

==========================================================================
resizer setup_violation_count
--------------------------------------------------------------------------
setup violation count 811

==========================================================================
resizer hold_violation_count
--------------------------------------------------------------------------
hold violation count 0

==========================================================================
resizer report_checks -path_delay max reg to reg
--------------------------------------------------------------------------
Startpoint: if_stage_i.instr_rdata_id_o[15]$_DFFE_PP_
            (rising edge-triggered flip-flop clocked by core_clock)
Endpoint: gen_regfile_ff.register_file_i.rf_reg[858]$_DFFE_PN0P_
          (rising edge-triggered flip-flop clocked by core_clock)
Path Group: core_clock
Path Type: max

  Delay    Time   Description
---------------------------------------------------------
   0.00    0.00   clock core_clock (rise edge)
   0.00    0.00   clock network delay (ideal)
   0.00    0.00 ^ if_stage_i.instr_rdata_id_o[15]$_DFFE_PP_/CLK (DFFHQNx3_ASAP7_75t_R)
  58.70   58.70 ^ if_stage_i.instr_rdata_id_o[15]$_DFFE_PP_/QN (DFFHQNx3_ASAP7_75t_R)
  37.87   96.57 ^ place6107/Y (BUFx6f_ASAP7_75t_R)
  20.20  116.77 ^ place6100/Y (BUFx6f_ASAP7_75t_R)
  28.50  145.27 ^ place6094/Y (BUFx6f_ASAP7_75t_R)
   9.95  155.22 v _17902_/Y (NAND2x1_ASAP7_75t_R)
  26.16  181.38 v _17903_/Y (OA211x2_ASAP7_75t_R)
  25.16  206.54 v _17906_/Y (OR3x1_ASAP7_75t_R)
  30.95  237.49 v _17908_/Y (AO33x2_ASAP7_75t_R)
  35.56  273.05 v _17909_/Y (OR3x1_ASAP7_75t_R)
  27.41  300.46 v _21360_/Y (AO22x1_ASAP7_75t_R)
  15.64  316.10 v place5503/Y (BUFx6f_ASAP7_75t_R)
  26.71  342.81 v place5501/Y (BUFx3_ASAP7_75t_R)
  19.19  362.01 v _21480_/Y (AND2x2_ASAP7_75t_R)
  17.40  379.41 ^ _17077_/CON (FAx1_ASAP7_75t_R)
  15.36  394.77 v _25938_/Y (INVx1_ASAP7_75t_R)
  22.65  417.42 ^ _17040_/CON (FAx1_ASAP7_75t_R)
  14.97  432.39 v _17040_/SN (FAx1_ASAP7_75t_R)
  13.19  445.58 ^ _26056_/Y (INVx1_ASAP7_75t_R)
  35.81  481.39 v _16939_/SN (FAx1_ASAP7_75t_R)
  15.19  496.58 ^ _26063_/Y (INVx1_ASAP7_75t_R)
  36.66  533.24 v _16921_/SN (FAx1_ASAP7_75t_R)
  15.75  548.99 ^ _26092_/Y (INVx1_ASAP7_75t_R)
  35.40  584.39 v _16900_/SN (FAx1_ASAP7_75t_R)
  14.88  599.27 ^ _26125_/Y (INVx1_ASAP7_75t_R)
  46.37  645.64 ^ _16876_/SN (FAx1_ASAP7_75t_R)
  12.45  658.09 v _26131_/Y (INVx1_ASAP7_75t_R)
  91.08  749.18 v _17488_/_300_/SN (HAxp5_ASAP7_75t_R)
  37.14  786.32 ^ _17488_/_643_/Y (NOR2x1_ASAP7_75t_R)
  18.47  804.79 v _17488_/_340_/Y (NAND2x1p5_ASAP7_75t_R)
   8.53  813.32 ^ _17488_/_339_/Y (INVx1_ASAP7_75t_R)
  23.41  836.73 ^ _17488_/_342_/Y (AO221x1_ASAP7_75t_R)
  23.31  860.04 ^ _17488_/_402_/Y (AO221x1_ASAP7_75t_R)
  32.10  892.13 v _17488_/_503_/Y (XNOR2x2_ASAP7_75t_R)
  21.43  913.56 v _23908_/Y (AO22x2_ASAP7_75t_R)
  30.11  943.67 v _25387_/Y (AO222x2_ASAP7_75t_R)
  31.91  975.59 v _25403_/Y (OR4x1_ASAP7_75t_R)
  27.73 1003.31 v _25404_/Y (OA21x2_ASAP7_75t_R)
  36.25 1039.57 v place4877/Y (BUFx3_ASAP7_75t_R)
  23.37 1062.94 v _26616_/Y (AO21x1_ASAP7_75t_R)
   0.02 1062.96 v gen_regfile_ff.register_file_i.rf_reg[858]$_DFFE_PN0P_/D (DFFASRHQNx1_ASAP7_75t_R)
        1062.96   data arrival time

1000.00 1000.00   clock core_clock (rise edge)
   0.00 1000.00   clock network delay (ideal)
   0.00 1000.00   clock reconvergence pessimism
        1000.00 ^ gen_regfile_ff.register_file_i.rf_reg[858]$_DFFE_PN0P_/CLK (DFFASRHQNx1_ASAP7_75t_R)
  -5.52  994.48   library setup time
         994.48   data required time
---------------------------------------------------------
         994.48   data required time
        -1062.96   data arrival time
---------------------------------------------------------
         -68.47   slack (VIOLATED)



==========================================================================
resizer report_checks -path_delay min reg to reg
--------------------------------------------------------------------------
Startpoint: fetch_enable_q$_DFFE_PN0P_
            (rising edge-triggered flip-flop clocked by core_clock)
Endpoint: fetch_enable_q$_DFFE_PN0P_
          (rising edge-triggered flip-flop clocked by core_clock)
Path Group: core_clock
Path Type: min

  Delay    Time   Description
---------------------------------------------------------
   0.00    0.00   clock core_clock (rise edge)
   0.00    0.00   clock network delay (ideal)
   0.00    0.00 ^ fetch_enable_q$_DFFE_PN0P_/CLK (DFFASRHQNx1_ASAP7_75t_R)
  37.70   37.70 ^ fetch_enable_q$_DFFE_PN0P_/QN (DFFASRHQNx1_ASAP7_75t_R)
   8.23   45.93 v _28794_/Y (NAND2x1_ASAP7_75t_R)
   0.04   45.97 v fetch_enable_q$_DFFE_PN0P_/D (DFFASRHQNx1_ASAP7_75t_R)
          45.97   data arrival time

   0.00    0.00   clock core_clock (rise edge)
   0.00    0.00   clock network delay (ideal)
   0.00    0.00   clock reconvergence pessimism
           0.00 ^ fetch_enable_q$_DFFE_PN0P_/CLK (DFFASRHQNx1_ASAP7_75t_R)
   9.12    9.12   library hold time
           9.12   data required time
---------------------------------------------------------
           9.12   data required time
         -45.97   data arrival time
---------------------------------------------------------
          36.84   slack (MET)



==========================================================================
resizer critical path target clock latency max path
--------------------------------------------------------------------------
0.0000

==========================================================================
resizer critical path target clock latency min path
--------------------------------------------------------------------------
0.0000

==========================================================================
resizer critical path source clock latency min path
--------------------------------------------------------------------------
0.0000

==========================================================================
resizer critical path delay
--------------------------------------------------------------------------
1062.9567

==========================================================================
resizer critical path slack
--------------------------------------------------------------------------
-68.4748

==========================================================================
resizer slack div critical path delay
--------------------------------------------------------------------------
-6.441918

==========================================================================
resizer report_power
--------------------------------------------------------------------------
Group                  Internal  Switching    Leakage      Total
                          Power      Power      Power      Power (Watts)
----------------------------------------------------------------
Sequential             2.40e-03   3.06e-04   2.45e-07   2.70e-03  25.2%
Combinational          3.41e-03   4.50e-03   1.63e-06   7.91e-03  73.8%
Clock                  5.93e-07   1.04e-04   1.16e-10   1.04e-04   1.0%
Macro                  0.00e+00   0.00e+00   0.00e+00   0.00e+00   0.0%
Pad                    0.00e+00   0.00e+00   0.00e+00   0.00e+00   0.0%
----------------------------------------------------------------
Total                  5.81e-03   4.91e-03   1.88e-06   1.07e-02 100.0%
                          54.2%      45.8%       0.0%
