
==========================================================================
cts final report_tns
--------------------------------------------------------------------------
tns max -44977.20

==========================================================================
cts final report_wns
--------------------------------------------------------------------------
wns max -103.66

==========================================================================
cts final report_worst_slack
--------------------------------------------------------------------------
worst slack max -103.66

==========================================================================
cts final report_clock_min_period
--------------------------------------------------------------------------
core_clock period_min = 1103.66 fmax = 906.08

==========================================================================
cts final report_clock_skew
--------------------------------------------------------------------------
Clock core_clock
 184.58 source latency load_store_unit_i.addr_last_o[18]$_DFFE_PN0P_/CLK ^
-135.45 target latency gen_regfile_ff.register_file_i.rf_reg[885]$_DFFE_PN0P_/CLK ^
   0.00 CRPR
--------------
  49.13 setup skew


==========================================================================
cts final report_checks -path_delay min
--------------------------------------------------------------------------
Startpoint: rst_ni (input port clocked by core_clock)
Endpoint: gen_regfile_ff.register_file_i.rf_reg[412]$_DFFE_PN0P_
          (removal check against rising-edge clock core_clock)
Path Group: asynchronous
Path Type: min

Fanout     Cap    Slew   Delay    Time   Description
-----------------------------------------------------------------------------
                          0.00    0.00   clock core_clock (rise edge)
                          0.00    0.00   clock network delay (propagated)
                        200.00  200.00 ^ input external delay
     1    6.13    0.00    0.00  200.00 ^ rst_ni (in)
                                         rst_ni (net)
                  7.79    2.46  202.46 ^ input1829/A (BUFx8_ASAP7_75t_R)
     7   19.71   21.93   21.38  223.83 ^ input1829/Y (BUFx8_ASAP7_75t_R)
                                         net1828 (net)
                 23.53    2.91  226.75 ^ gen_regfile_ff.register_file_i.rf_reg[412]$_DFFE_PN0P_/RESETN (DFFASRHQNx1_ASAP7_75t_R)
                                226.75   data arrival time

                          0.00    0.00   clock core_clock (rise edge)
                          0.00    0.00   clock source latency
     2   15.69    0.00    0.00    0.00 ^ clk_i (in)
                                         clk_i (net)
                 19.50    6.15    6.15 ^ delaybuf_0_core_clock/A (BUFx16f_ASAP7_75t_R)
     1    4.22    6.44   17.12   23.27 ^ delaybuf_0_core_clock/Y (BUFx16f_ASAP7_75t_R)
                                         delaynet_0_core_clock (net)
                  8.44    1.91   25.18 ^ delaybuf_1_core_clock/A (BUFx16f_ASAP7_75t_R)
     1    4.18    6.12   13.91   39.09 ^ delaybuf_1_core_clock/Y (BUFx16f_ASAP7_75t_R)
                                         delaynet_1_core_clock (net)
                  8.15    1.86   40.95 ^ delaybuf_2_core_clock/A (BUFx16f_ASAP7_75t_R)
     1    4.17    6.11   13.82   54.77 ^ delaybuf_2_core_clock/Y (BUFx16f_ASAP7_75t_R)
                                         delaynet_2_core_clock (net)
                  8.10    1.84   56.61 ^ clkbuf_regs_0_core_clock/A (BUFx16f_ASAP7_75t_R)
     1    3.85    6.05   13.79   70.40 ^ clkbuf_regs_0_core_clock/Y (BUFx16f_ASAP7_75t_R)
                                         clk_i_regs (net)
                  7.30    1.45   71.85 ^ clkbuf_0_clk_i_regs/A (BUFx16f_ASAP7_75t_R)
     4   17.59   14.03   15.05   86.90 ^ clkbuf_0_clk_i_regs/Y (BUFx16f_ASAP7_75t_R)
                                         clknet_0_clk_i_regs (net)
                 22.53    5.77   92.67 ^ clkbuf_2_2__f_clk_i_regs/A (BUFx16f_ASAP7_75t_R)
    14   47.17   29.10   24.27  116.95 ^ clkbuf_2_2__f_clk_i_regs/Y (BUFx16f_ASAP7_75t_R)
                                         clknet_2_2__leaf_clk_i_regs (net)
                 34.31    6.31  123.26 ^ clkbuf_leaf_14_clk_i_regs/A (BUFx24_ASAP7_75t_R)
    22   16.18   13.10   26.41  149.67 ^ clkbuf_leaf_14_clk_i_regs/Y (BUFx24_ASAP7_75t_R)
                                         clknet_leaf_14_clk_i_regs (net)
                 13.43    1.06  150.73 ^ gen_regfile_ff.register_file_i.rf_reg[412]$_DFFE_PN0P_/CLK (DFFASRHQNx1_ASAP7_75t_R)
                          0.00  150.73   clock reconvergence pessimism
                         23.34  174.07   library removal time
                                174.07   data required time
-----------------------------------------------------------------------------
                                174.07   data required time
                               -226.75   data arrival time
-----------------------------------------------------------------------------
                                 52.67   slack (MET)


Startpoint: core_clock_gate_i.en_latch$_DLATCH_N_
            (negative level-sensitive latch clocked by core_clock)
Endpoint: _22009_ (rising clock gating-check end-point clocked by core_clock)
Path Group: gated clock
Path Type: min

Fanout     Cap    Slew   Delay    Time   Description
-----------------------------------------------------------------------------
                        500.00  500.00   clock core_clock (fall edge)
                          0.00  500.00   clock source latency
     2   14.36    0.00    0.00  500.00 v clk_i (in)
                                         clk_i (net)
                 17.74    5.60  505.60 v delaybuf_0_core_clock/A (BUFx16f_ASAP7_75t_R)
     1    3.55    5.94   17.62  523.21 v delaybuf_0_core_clock/Y (BUFx16f_ASAP7_75t_R)
                                         delaynet_0_core_clock (net)
                  7.30    1.57  524.78 v delaybuf_1_core_clock/A (BUFx16f_ASAP7_75t_R)
     1    3.52    5.69   14.22  539.00 v delaybuf_1_core_clock/Y (BUFx16f_ASAP7_75t_R)
                                         delaynet_1_core_clock (net)
                  7.06    1.52  540.52 v delaybuf_2_core_clock/A (BUFx16f_ASAP7_75t_R)
     1    3.50    5.68   14.13  554.65 v delaybuf_2_core_clock/Y (BUFx16f_ASAP7_75t_R)
                                         delaynet_2_core_clock (net)
                  7.02    1.51  556.16 v clkbuf_regs_0_core_clock/A (BUFx16f_ASAP7_75t_R)
     1    3.19    5.59   14.09  570.25 v clkbuf_regs_0_core_clock/Y (BUFx16f_ASAP7_75t_R)
                                         clk_i_regs (net)
                  6.38    1.17  571.42 v clkbuf_0_clk_i_regs/A (BUFx16f_ASAP7_75t_R)
     4   14.92   11.63   15.18  586.60 v clkbuf_0_clk_i_regs/Y (BUFx16f_ASAP7_75t_R)
                                         clknet_0_clk_i_regs (net)
                 16.75    3.90  590.50 v clkbuf_2_3__f_clk_i_regs/A (BUFx16f_ASAP7_75t_R)
    12   37.46   22.27   22.97  613.47 v clkbuf_2_3__f_clk_i_regs/Y (BUFx16f_ASAP7_75t_R)
                                         clknet_2_3__leaf_clk_i_regs (net)
                 26.91    5.30  618.77 v clkbuf_leaf_32_clk_i_regs/A (BUFx24_ASAP7_75t_R)
     9   17.22   12.56   26.19  644.96 v clkbuf_leaf_32_clk_i_regs/Y (BUFx24_ASAP7_75t_R)
                                         clknet_leaf_32_clk_i_regs (net)
                 15.54    3.16  648.12 v core_clock_gate_i.en_latch$_DLATCH_N_/CLK (DLLx1_ASAP7_75t_R)
     1    6.61   45.36   39.56  687.67 ^ core_clock_gate_i.en_latch$_DLATCH_N_/Q (DLLx1_ASAP7_75t_R)
                                         core_clock_gate_i.en_latch (net)
                 46.60    4.08  691.75 ^ _22009_/B (AND2x2_ASAP7_75t_R)
                                691.75   data arrival time

                        500.00  500.00   clock core_clock (fall edge)
                          0.00  500.00   clock source latency
     2   15.69    0.00    0.00  500.00 v clk_i (in)
                                         clk_i (net)
                 68.21   21.52  521.52 v clkbuf_0_clk_i/A (BUFx16f_ASAP7_75t_R)
     1    2.86    7.97   28.41  549.93 v clkbuf_0_clk_i/Y (BUFx16f_ASAP7_75t_R)
                                         clknet_0_clk_i (net)
                  7.99    0.33  550.25 v clkbuf_1_0__f_clk_i/A (BUFx16f_ASAP7_75t_R)
     1    0.64    4.55   13.96  564.21 v clkbuf_1_0__f_clk_i/Y (BUFx16f_ASAP7_75t_R)
                                         clknet_1_0__leaf_clk_i (net)
                  4.55    0.04  564.25 v _22009_/A (AND2x2_ASAP7_75t_R)
                          0.00  564.25   clock reconvergence pessimism
                          0.00  564.25   clock gating hold time
                                564.25   data required time
-----------------------------------------------------------------------------
                                564.25   data required time
                               -691.75   data arrival time
-----------------------------------------------------------------------------
                                127.50   slack (MET)


Startpoint: cs_registers_i.u_dcsr_csr.rd_data_o[2]$_DFFE_PN0P_
            (rising edge-triggered flip-flop clocked by core_clock)
Endpoint: cs_registers_i.u_dcsr_csr.rd_data_o[8]$_DFFE_PN0P_
          (rising edge-triggered flip-flop clocked by core_clock)
Path Group: core_clock
Path Type: min

Fanout     Cap    Slew   Delay    Time   Description
-----------------------------------------------------------------------------
                          0.00    0.00   clock core_clock (rise edge)
                          0.00    0.00   clock source latency
     2   14.37    0.00    0.00    0.00 ^ clk_i (in)
                                         clk_i (net)
                 61.90   19.53   19.53 ^ clkbuf_0_clk_i/A (BUFx16f_ASAP7_75t_R)
     1    2.20    7.25   23.90   43.43 ^ clkbuf_0_clk_i/Y (BUFx16f_ASAP7_75t_R)
                                         clknet_0_clk_i (net)
                  7.26    0.25   43.67 ^ clkbuf_1_0__f_clk_i/A (BUFx16f_ASAP7_75t_R)
     1    0.54    4.58   12.91   56.59 ^ clkbuf_1_0__f_clk_i/Y (BUFx16f_ASAP7_75t_R)
                                         clknet_1_0__leaf_clk_i (net)
                  4.58    0.04   56.62 ^ _22009_/A (AND2x2_ASAP7_75t_R)
     1    2.13   12.08   17.87   74.50 ^ _22009_/Y (AND2x2_ASAP7_75t_R)
                                         _07791_ (net)
                 12.09    0.19   74.69 ^ clkbuf_0__07791_/A (BUFx16f_ASAP7_75t_R)
     4   16.28   12.66   16.49   91.18 ^ clkbuf_0__07791_/Y (BUFx16f_ASAP7_75t_R)
                                         clknet_0__07791_ (net)
                 23.92    6.56   97.74 ^ clkbuf_2_3__f__07791_/A (BUFx16f_ASAP7_75t_R)
    15   42.03   27.08   24.18  121.92 ^ clkbuf_2_3__f__07791_/Y (BUFx16f_ASAP7_75t_R)
                                         clknet_2_3__leaf__07791_ (net)
                 27.45    1.90  123.82 ^ clkbuf_leaf_19__07791_/A (BUFx24_ASAP7_75t_R)
    24   14.54   12.19   24.41  148.24 ^ clkbuf_leaf_19__07791_/Y (BUFx24_ASAP7_75t_R)
                                         clknet_leaf_19__07791_ (net)
                 12.34    0.68  148.91 ^ cs_registers_i.u_dcsr_csr.rd_data_o[2]$_DFFE_PN0P_/CLK (DFFASRHQNx1_ASAP7_75t_R)
     7    6.66   50.09   60.39  209.31 ^ cs_registers_i.u_dcsr_csr.rd_data_o[2]$_DFFE_PN0P_/QN (DFFASRHQNx1_ASAP7_75t_R)
                                         _01685_ (net)
                 50.14    0.90  210.20 ^ _30195_/A2 (OAI22x1_ASAP7_75t_R)
     1    0.62   10.40    9.82  220.03 v _30195_/Y (OAI22x1_ASAP7_75t_R)
                                         _15945_ (net)
                 10.40    0.02  220.05 v cs_registers_i.u_dcsr_csr.rd_data_o[8]$_DFFE_PN0P_/D (DFFASRHQNx1_ASAP7_75t_R)
                                220.05   data arrival time

                          0.00    0.00   clock core_clock (rise edge)
                          0.00    0.00   clock source latency
     2   15.69    0.00    0.00    0.00 ^ clk_i (in)
                                         clk_i (net)
                 68.20   21.52   21.52 ^ clkbuf_0_clk_i/A (BUFx16f_ASAP7_75t_R)
     1    2.86    7.77   24.89   46.40 ^ clkbuf_0_clk_i/Y (BUFx16f_ASAP7_75t_R)
                                         clknet_0_clk_i (net)
                  7.79    0.33   46.73 ^ clkbuf_1_0__f_clk_i/A (BUFx16f_ASAP7_75t_R)
     1    0.66    4.63   13.11   59.84 ^ clkbuf_1_0__f_clk_i/Y (BUFx16f_ASAP7_75t_R)
                                         clknet_1_0__leaf_clk_i (net)
                  4.63    0.04   59.88 ^ _22009_/A (AND2x2_ASAP7_75t_R)
     1    2.79   15.29   19.17   79.05 ^ _22009_/Y (AND2x2_ASAP7_75t_R)
                                         _07791_ (net)
                 15.31    0.26   79.30 ^ clkbuf_0__07791_/A (BUFx16f_ASAP7_75t_R)
     4   18.92   14.24   17.60   96.90 ^ clkbuf_0__07791_/Y (BUFx16f_ASAP7_75t_R)
                                         clknet_0__07791_ (net)
                 17.86    3.46  100.36 ^ clkbuf_2_1__f__07791_/A (BUFx16f_ASAP7_75t_R)
    11   49.01   22.33   22.09  122.45 ^ clkbuf_2_1__f__07791_/Y (BUFx16f_ASAP7_75t_R)
                                         clknet_2_1__leaf__07791_ (net)
                 83.34   25.69  148.15 ^ clkbuf_leaf_18__07791_/A (BUFx24_ASAP7_75t_R)
    21   16.04   14.72   34.88  183.03 ^ clkbuf_leaf_18__07791_/Y (BUFx24_ASAP7_75t_R)
                                         clknet_leaf_18__07791_ (net)
                 15.05    1.09  184.12 ^ cs_registers_i.u_dcsr_csr.rd_data_o[8]$_DFFE_PN0P_/CLK (DFFASRHQNx1_ASAP7_75t_R)
                         -5.72  178.40   clock reconvergence pessimism
                         12.53  190.93   library hold time
                                190.93   data required time
-----------------------------------------------------------------------------
                                190.93   data required time
                               -220.05   data arrival time
-----------------------------------------------------------------------------
                                 29.12   slack (MET)



==========================================================================
cts final report_checks -path_delay max
--------------------------------------------------------------------------
Startpoint: rst_ni (input port clocked by core_clock)
Endpoint: gen_regfile_ff.register_file_i.rf_reg[851]$_DFFE_PN0P_
          (recovery check against rising-edge clock core_clock)
Path Group: asynchronous
Path Type: max

Fanout     Cap    Slew   Delay    Time   Description
-----------------------------------------------------------------------------
                          0.00    0.00   clock core_clock (rise edge)
                          0.00    0.00   clock network delay (propagated)
                        200.00  200.00 ^ input external delay
     1    6.34    0.00    0.00  200.00 ^ rst_ni (in)
                                         rst_ni (net)
                  8.26    2.61  202.61 ^ input1829/A (BUFx8_ASAP7_75t_R)
     7   20.99   23.08   21.80  224.41 ^ input1829/Y (BUFx8_ASAP7_75t_R)
                                         net1828 (net)
                 25.31    3.50  227.91 ^ place6154/A (BUFx6f_ASAP7_75t_R)
    74   78.02   94.35   32.17  260.08 ^ place6154/Y (BUFx6f_ASAP7_75t_R)
                                         net6153 (net)
                127.66   29.92  290.01 ^ place6146/A (BUFx3_ASAP7_75t_R)
    40   42.20   95.79   61.85  351.86 ^ place6146/Y (BUFx3_ASAP7_75t_R)
                                         net6145 (net)
                 99.07    9.61  361.48 ^ place6145/A (BUFx3_ASAP7_75t_R)
    43   44.44  101.96   59.34  420.82 ^ place6145/Y (BUFx3_ASAP7_75t_R)
                                         net6144 (net)
                105.74   10.72  431.54 ^ place6143/A (BUFx3_ASAP7_75t_R)
    52   53.36  121.90   65.99  497.53 ^ place6143/Y (BUFx3_ASAP7_75t_R)
                                         net6142 (net)
                131.61   18.26  515.79 ^ gen_regfile_ff.register_file_i.rf_reg[851]$_DFFE_PN0P_/RESETN (DFFASRHQNx1_ASAP7_75t_R)
                                515.79   data arrival time

                       1000.00 1000.00   clock core_clock (rise edge)
                          0.00 1000.00   clock source latency
     2   14.37    0.00    0.00 1000.00 ^ clk_i (in)
                                         clk_i (net)
                 17.76    5.60 1005.60 ^ delaybuf_0_core_clock/A (BUFx16f_ASAP7_75t_R)
     1    3.56    6.17   16.54 1022.14 ^ delaybuf_0_core_clock/Y (BUFx16f_ASAP7_75t_R)
                                         delaynet_0_core_clock (net)
                  7.50    1.57 1023.72 ^ delaybuf_1_core_clock/A (BUFx16f_ASAP7_75t_R)
     1    3.53    5.90   13.54 1037.26 ^ delaybuf_1_core_clock/Y (BUFx16f_ASAP7_75t_R)
                                         delaynet_1_core_clock (net)
                  7.25    1.53 1038.79 ^ delaybuf_2_core_clock/A (BUFx16f_ASAP7_75t_R)
     1    3.51    5.89   13.46 1052.24 ^ delaybuf_2_core_clock/Y (BUFx16f_ASAP7_75t_R)
                                         delaynet_2_core_clock (net)
                  7.21    1.51 1053.76 ^ clkbuf_regs_0_core_clock/A (BUFx16f_ASAP7_75t_R)
     1    3.19    5.79   13.41 1067.17 ^ clkbuf_regs_0_core_clock/Y (BUFx16f_ASAP7_75t_R)
                                         clk_i_regs (net)
                  6.57    1.18 1068.35 ^ clkbuf_0_clk_i_regs/A (BUFx16f_ASAP7_75t_R)
     4   14.95   12.41   14.66 1083.01 ^ clkbuf_0_clk_i_regs/Y (BUFx16f_ASAP7_75t_R)
                                         clknet_0_clk_i_regs (net)
                 17.05    3.82 1086.83 ^ clkbuf_2_1__f_clk_i_regs/A (BUFx16f_ASAP7_75t_R)
    13   37.67   24.53   21.61 1108.44 ^ clkbuf_2_1__f_clk_i_regs/Y (BUFx16f_ASAP7_75t_R)
                                         clknet_2_1__leaf_clk_i_regs (net)
                 29.60    5.71 1114.15 ^ clkbuf_leaf_43_clk_i_regs/A (BUFx24_ASAP7_75t_R)
    21   12.59   11.43   24.62 1138.77 ^ clkbuf_leaf_43_clk_i_regs/Y (BUFx24_ASAP7_75t_R)
                                         clknet_leaf_43_clk_i_regs (net)
                 11.50    0.40 1139.16 ^ gen_regfile_ff.register_file_i.rf_reg[851]$_DFFE_PN0P_/CLK (DFFASRHQNx1_ASAP7_75t_R)
                          0.00 1139.16   clock reconvergence pessimism
                         21.09 1160.25   library recovery time
                               1160.25   data required time
-----------------------------------------------------------------------------
                               1160.25   data required time
                               -515.79   data arrival time
-----------------------------------------------------------------------------
                                644.47   slack (MET)


Startpoint: core_clock_gate_i.en_latch$_DLATCH_N_
            (negative level-sensitive latch clocked by core_clock)
Endpoint: _22009_ (rising clock gating-check end-point clocked by core_clock)
Path Group: gated clock
Path Type: max

Fanout     Cap    Slew   Delay    Time   Description
-----------------------------------------------------------------------------
                        500.00  500.00   clock core_clock (fall edge)
                          0.00  500.00   clock source latency
     2   15.69    0.00    0.00  500.00 v clk_i (in)
                                         clk_i (net)
                 19.50    6.15  506.15 v delaybuf_0_core_clock/A (BUFx16f_ASAP7_75t_R)
     1    4.22    6.19   18.26  524.41 v delaybuf_0_core_clock/Y (BUFx16f_ASAP7_75t_R)
                                         delaynet_0_core_clock (net)
                  8.23    1.90  526.31 v delaybuf_1_core_clock/A (BUFx16f_ASAP7_75t_R)
     1    4.18    5.88   14.60  540.91 v delaybuf_1_core_clock/Y (BUFx16f_ASAP7_75t_R)
                                         delaynet_1_core_clock (net)
                  7.95    1.85  542.77 v delaybuf_2_core_clock/A (BUFx16f_ASAP7_75t_R)
     1    4.17    5.88   14.50  557.27 v delaybuf_2_core_clock/Y (BUFx16f_ASAP7_75t_R)
                                         delaynet_2_core_clock (net)
                  7.90    1.83  559.11 v clkbuf_regs_0_core_clock/A (BUFx16f_ASAP7_75t_R)
     1    3.85    5.82   14.47  573.58 v clkbuf_regs_0_core_clock/Y (BUFx16f_ASAP7_75t_R)
                                         clk_i_regs (net)
                  7.10    1.45  575.03 v clkbuf_0_clk_i_regs/A (BUFx16f_ASAP7_75t_R)
     4   17.59   13.16   15.56  590.59 v clkbuf_0_clk_i_regs/Y (BUFx16f_ASAP7_75t_R)
                                         clknet_0_clk_i_regs (net)
                 19.55    4.66  595.25 v clkbuf_2_3__f_clk_i_regs/A (BUFx16f_ASAP7_75t_R)
    12   46.17   25.84   25.13  620.39 v clkbuf_2_3__f_clk_i_regs/Y (BUFx16f_ASAP7_75t_R)
                                         clknet_2_3__leaf_clk_i_regs (net)
                 31.71    6.43  626.81 v clkbuf_leaf_32_clk_i_regs/A (BUFx24_ASAP7_75t_R)
     9   20.24   14.03   28.08  654.89 v clkbuf_leaf_32_clk_i_regs/Y (BUFx24_ASAP7_75t_R)
                                         clknet_leaf_32_clk_i_regs (net)
                 17.21    3.46  658.35 v core_clock_gate_i.en_latch$_DLATCH_N_/CLK (DLLx1_ASAP7_75t_R)
     1    6.86   40.56   47.99  706.34 v core_clock_gate_i.en_latch$_DLATCH_N_/Q (DLLx1_ASAP7_75t_R)
                                         core_clock_gate_i.en_latch (net)
                 42.15    4.34  710.68 v _22009_/B (AND2x2_ASAP7_75t_R)
                                710.68   data arrival time

                       1000.00 1000.00   clock core_clock (rise edge)
                          0.00 1000.00   clock source latency
     2   14.37    0.00    0.00 1000.00 ^ clk_i (in)
                                         clk_i (net)
                 61.90   19.53 1019.53 ^ clkbuf_0_clk_i/A (BUFx16f_ASAP7_75t_R)
     1    2.20    7.25   23.90 1043.43 ^ clkbuf_0_clk_i/Y (BUFx16f_ASAP7_75t_R)
                                         clknet_0_clk_i (net)
                  7.26    0.25 1043.67 ^ clkbuf_1_0__f_clk_i/A (BUFx16f_ASAP7_75t_R)
     1    0.54    4.58   12.91 1056.59 ^ clkbuf_1_0__f_clk_i/Y (BUFx16f_ASAP7_75t_R)
                                         clknet_1_0__leaf_clk_i (net)
                  4.58    0.04 1056.62 ^ _22009_/A (AND2x2_ASAP7_75t_R)
                          0.00 1056.62   clock reconvergence pessimism
                          0.00 1056.62   clock gating setup time
                               1056.62   data required time
-----------------------------------------------------------------------------
                               1056.62   data required time
                               -710.68   data arrival time
-----------------------------------------------------------------------------
                                345.94   slack (MET)


Startpoint: if_stage_i.instr_rdata_id_o[15]$_DFFE_PP_
            (rising edge-triggered flip-flop clocked by core_clock)
Endpoint: instr_addr_o[18] (output port clocked by core_clock)
Path Group: core_clock
Path Type: max

Fanout     Cap    Slew   Delay    Time   Description
-----------------------------------------------------------------------------
                          0.00    0.00   clock core_clock (rise edge)
                          0.00    0.00   clock source latency
     2   15.69    0.00    0.00    0.00 ^ clk_i (in)
                                         clk_i (net)
                 68.20   21.52   21.52 ^ clkbuf_0_clk_i/A (BUFx16f_ASAP7_75t_R)
     1    2.86    7.77   24.89   46.40 ^ clkbuf_0_clk_i/Y (BUFx16f_ASAP7_75t_R)
                                         clknet_0_clk_i (net)
                  7.79    0.33   46.73 ^ clkbuf_1_0__f_clk_i/A (BUFx16f_ASAP7_75t_R)
     1    0.66    4.63   13.11   59.84 ^ clkbuf_1_0__f_clk_i/Y (BUFx16f_ASAP7_75t_R)
                                         clknet_1_0__leaf_clk_i (net)
                  4.63    0.04   59.88 ^ _22009_/A (AND2x2_ASAP7_75t_R)
     1    2.79   15.29   19.17   79.05 ^ _22009_/Y (AND2x2_ASAP7_75t_R)
                                         _07791_ (net)
                 15.31    0.26   79.30 ^ clkbuf_0__07791_/A (BUFx16f_ASAP7_75t_R)
     4   18.92   14.24   17.60   96.90 ^ clkbuf_0__07791_/Y (BUFx16f_ASAP7_75t_R)
                                         clknet_0__07791_ (net)
                 27.36    7.56  104.46 ^ clkbuf_2_2__f__07791_/A (BUFx16f_ASAP7_75t_R)
    13   49.55   28.13   24.70  129.16 ^ clkbuf_2_2__f__07791_/Y (BUFx16f_ASAP7_75t_R)
                                         clknet_2_2__leaf__07791_ (net)
                 41.99    9.79  138.95 ^ clkbuf_leaf_5__07791_/A (BUFx24_ASAP7_75t_R)
    21   18.52   14.73   28.12  167.07 ^ clkbuf_leaf_5__07791_/Y (BUFx24_ASAP7_75t_R)
                                         clknet_leaf_5__07791_ (net)
                 16.36    2.48  169.55 ^ if_stage_i.instr_rdata_id_o[15]$_DFFE_PP_/CLK (DFFHQNx3_ASAP7_75t_R)
     2    5.09   26.60   53.74  223.29 ^ if_stage_i.instr_rdata_id_o[15]$_DFFE_PP_/QN (DFFHQNx3_ASAP7_75t_R)
                                         _00120_ (net)
                 27.02    1.84  225.13 ^ rebuffer6208/A (BUFx6f_ASAP7_75t_R)
     3    7.65   11.97   18.88  244.01 ^ rebuffer6208/Y (BUFx6f_ASAP7_75t_R)
                                         net6207 (net)
                 12.07    0.61  244.63 ^ place6093/A (BUFx12f_ASAP7_75t_R)
     7   19.44   15.92   14.27  258.89 ^ place6093/Y (BUFx12f_ASAP7_75t_R)
                                         net6092 (net)
                 37.37   11.01  269.90 ^ place6075/A (BUFx12f_ASAP7_75t_R)
     7    9.53   10.94   19.36  289.26 ^ place6075/Y (BUFx12f_ASAP7_75t_R)
                                         net6074 (net)
                 12.27    1.99  291.25 ^ _17652_/B (NAND2x2_ASAP7_75t_R)
     1    0.49    8.29    6.25  297.50 v _17652_/Y (NAND2x2_ASAP7_75t_R)
                                         _03434_ (net)
                  8.29    0.02  297.51 v _17659_/C (OA211x2_ASAP7_75t_R)
     1    0.89    9.66   27.02  324.53 v _17659_/Y (OA211x2_ASAP7_75t_R)
                                         _03441_ (net)
                  9.66    0.06  324.59 v _17661_/C (OR3x1_ASAP7_75t_R)
     1    1.59   14.74   27.52  352.11 v _17661_/Y (OR3x1_ASAP7_75t_R)
                                         _03443_ (net)
                 14.76    0.24  352.35 v _17687_/A2 (AO33x2_ASAP7_75t_R)
     1    1.02    9.98   30.36  382.71 v _17687_/Y (AO33x2_ASAP7_75t_R)
                                         _03469_ (net)
                  9.98    0.09  382.80 v _17689_/C (AO221x2_ASAP7_75t_R)
     2    5.55   22.90   33.06  415.86 v _17689_/Y (AO221x2_ASAP7_75t_R)
                                         _03471_ (net)
                 23.86    2.51  418.38 v place5630/A (BUFx6f_ASAP7_75t_R)
     2    5.12    8.69   18.19  436.57 v place5630/Y (BUFx6f_ASAP7_75t_R)
                                         net5629 (net)
                 10.08    1.78  438.35 v _20655_/A (OR2x2_ASAP7_75t_R)
     1    0.66    7.65   19.28  457.63 v _20655_/Y (OR2x2_ASAP7_75t_R)
                                         _06437_ (net)
                  7.65    0.04  457.66 v _20657_/C (OA211x2_ASAP7_75t_R)
     1    0.65    9.84   26.35  484.01 v _20657_/Y (OA211x2_ASAP7_75t_R)
                                         _06439_ (net)
                  9.84    0.03  484.04 v _20659_/C (AO221x2_ASAP7_75t_R)
     2    2.63   13.84   28.94  512.97 v _20659_/Y (AO221x2_ASAP7_75t_R)
                                         _06441_ (net)
                 13.91    0.52  513.49 v _20661_/A2 (AO21x1_ASAP7_75t_R)
     1    1.11   10.33   17.06  530.55 v _20661_/Y (AO21x1_ASAP7_75t_R)
                                         _06443_ (net)
                 10.33    0.04  530.59 v alu_adder_result_ex\\ALU_33_0_33_0_33_unused_CO_X_Y[0]_HAN_CARLSON/_534_/B (XOR2x2_ASAP7_75t_R)
     1    1.39    9.52   23.34  553.93 v alu_adder_result_ex\\ALU_33_0_33_0_33_unused_CO_X_Y[0]_HAN_CARLSON/_534_/Y (XOR2x2_ASAP7_75t_R)
                                         alu_adder_result_ex\\ALU_33_0_33_0_33_unused_CO_X_Y[0]_HAN_CARLSON/_231_ (net)
                  9.53    0.11  554.03 v alu_adder_result_ex\\ALU_33_0_33_0_33_unused_CO_X_Y[0]_HAN_CARLSON/_342_/A (HAxp5_ASAP7_75t_R)
     2    2.31   33.26   19.72  573.75 ^ alu_adder_result_ex\\ALU_33_0_33_0_33_unused_CO_X_Y[0]_HAN_CARLSON/_342_/CON (HAxp5_ASAP7_75t_R)
                                         alu_adder_result_ex\\ALU_33_0_33_0_33_unused_CO_X_Y[0]_HAN_CARLSON/_056_ (net)
     2    1.40   30.97   17.10  590.85 v alu_adder_result_ex\\ALU_33_0_33_0_33_unused_CO_X_Y[0]_HAN_CARLSON/_342_/SN (HAxp5_ASAP7_75t_R)
                                         alu_adder_result_ex\\ALU_33_0_33_0_33_unused_CO_X_Y[0]_HAN_CARLSON/_057_ (net)
                 30.97    0.05  590.90 v alu_adder_result_ex\\ALU_33_0_33_0_33_unused_CO_X_Y[0]_HAN_CARLSON/place5308/A (BUFx3_ASAP7_75t_R)
     3    2.39    8.22   20.45  611.35 v alu_adder_result_ex\\ALU_33_0_33_0_33_unused_CO_X_Y[0]_HAN_CARLSON/place5308/Y (BUFx3_ASAP7_75t_R)
                                         alu_adder_result_ex\\ALU_33_0_33_0_33_unused_CO_X_Y[0]_HAN_CARLSON/net5307 (net)
                  8.23    0.14  611.49 v alu_adder_result_ex\\ALU_33_0_33_0_33_unused_CO_X_Y[0]_HAN_CARLSON/_587_/A (OR4x1_ASAP7_75t_R)
     2    2.11   19.84   32.33  643.83 v alu_adder_result_ex\\ALU_33_0_33_0_33_unused_CO_X_Y[0]_HAN_CARLSON/_587_/Y (OR4x1_ASAP7_75t_R)
                                         alu_adder_result_ex\\ALU_33_0_33_0_33_unused_CO_X_Y[0]_HAN_CARLSON/_279_ (net)
                 19.85    0.16  643.99 v alu_adder_result_ex\\ALU_33_0_33_0_33_unused_CO_X_Y[0]_HAN_CARLSON/_616_/B (NOR2x1_ASAP7_75t_R)
     1    0.57   11.74    9.95  653.94 ^ alu_adder_result_ex\\ALU_33_0_33_0_33_unused_CO_X_Y[0]_HAN_CARLSON/_616_/Y (NOR2x1_ASAP7_75t_R)
                                         alu_adder_result_ex\\ALU_33_0_33_0_33_unused_CO_X_Y[0]_HAN_CARLSON/_304_ (net)
                 11.74    0.02  653.96 ^ alu_adder_result_ex\\ALU_33_0_33_0_33_unused_CO_X_Y[0]_HAN_CARLSON/_617_/B2 (AO221x1_ASAP7_75t_R)
     2    2.03   17.42   22.28  676.24 ^ alu_adder_result_ex\\ALU_33_0_33_0_33_unused_CO_X_Y[0]_HAN_CARLSON/_617_/Y (AO221x1_ASAP7_75t_R)
                                         alu_adder_result_ex\\ALU_33_0_33_0_33_unused_CO_X_Y[0]_HAN_CARLSON/_305_ (net)
                 17.43    0.23  676.47 ^ alu_adder_result_ex\\ALU_33_0_33_0_33_unused_CO_X_Y[0]_HAN_CARLSON/_618_/A (INVx1_ASAP7_75t_R)
     1    0.67    7.71    6.85  683.32 v alu_adder_result_ex\\ALU_33_0_33_0_33_unused_CO_X_Y[0]_HAN_CARLSON/_618_/Y (INVx1_ASAP7_75t_R)
                                         alu_adder_result_ex\\ALU_33_0_33_0_33_unused_CO_X_Y[0]_HAN_CARLSON/_306_ (net)
                  7.71    0.02  683.35 v alu_adder_result_ex\\ALU_33_0_33_0_33_unused_CO_X_Y[0]_HAN_CARLSON/_408_/B (OR3x1_ASAP7_75t_R)
     2    2.12   17.82   28.46  711.80 v alu_adder_result_ex\\ALU_33_0_33_0_33_unused_CO_X_Y[0]_HAN_CARLSON/_408_/Y (OR3x1_ASAP7_75t_R)
                                         alu_adder_result_ex\\ALU_33_0_33_0_33_unused_CO_X_Y[0]_HAN_CARLSON/_120_ (net)
                 17.82    0.11  711.91 v alu_adder_result_ex\\ALU_33_0_33_0_33_unused_CO_X_Y[0]_HAN_CARLSON/_409_/A (NAND2x1_ASAP7_75t_R)
     1    1.48   17.41   15.74  727.66 ^ alu_adder_result_ex\\ALU_33_0_33_0_33_unused_CO_X_Y[0]_HAN_CARLSON/_409_/Y (NAND2x1_ASAP7_75t_R)
                                         alu_adder_result_ex\\ALU_33_0_33_0_33_unused_CO_X_Y[0]_HAN_CARLSON/_121_ (net)
                 17.41    0.14  727.79 ^ alu_adder_result_ex\\ALU_33_0_33_0_33_unused_CO_X_Y[0]_HAN_CARLSON/_410_/A (XNOR2x2_ASAP7_75t_R)
     2    2.03   11.54   33.18  760.97 v alu_adder_result_ex\\ALU_33_0_33_0_33_unused_CO_X_Y[0]_HAN_CARLSON/_410_/Y (XNOR2x2_ASAP7_75t_R)
                                         net1839 (net)
                 11.55    0.07  761.04 v place5198/A (BUFx6f_ASAP7_75t_R)
     2    5.42    8.46   14.79  775.83 v place5198/Y (BUFx6f_ASAP7_75t_R)
                                         net5197 (net)
                 10.25    1.99  777.82 v _21224_/A1 (OA211x2_ASAP7_75t_R)
     1    1.15   12.09   22.85  800.67 v _21224_/Y (OA211x2_ASAP7_75t_R)
                                         _07006_ (net)
                 12.09    0.05  800.72 v _21228_/C (AOI211x1_ASAP7_75t_R)
     2    4.99   56.73   26.27  826.99 ^ _21228_/Y (AOI211x1_ASAP7_75t_R)
                                         _07010_ (net)
                 57.01    2.24  829.24 ^ _21300_/A (AND2x2_ASAP7_75t_R)
     2    2.13   14.22   26.70  855.93 ^ _21300_/Y (AND2x2_ASAP7_75t_R)
                                         _07082_ (net)
                 14.23    0.09  856.03 ^ _21301_/B (AOI21x1_ASAP7_75t_R)
     2    2.83   30.65   11.80  867.83 v _21301_/Y (AOI21x1_ASAP7_75t_R)
                                         _07083_ (net)
                 30.66    0.43  868.25 v _23113_/A2 (AO21x1_ASAP7_75t_R)
     2    1.51   12.70   21.84  890.10 v _23113_/Y (AO21x1_ASAP7_75t_R)
                                         net1907 (net)
                 12.70    0.07  890.16 v output1908/A (BUFx3_ASAP7_75t_R)
     1    0.42    4.35   13.48  903.64 v output1908/Y (BUFx3_ASAP7_75t_R)
                                         instr_addr_o[18] (net)
                  4.35    0.02  903.66 v instr_addr_o[18] (out)
                                903.66   data arrival time

                       1000.00 1000.00   clock core_clock (rise edge)
                          0.00 1000.00   clock network delay (propagated)
                          0.00 1000.00   clock reconvergence pessimism
                       -200.00  800.00   output external delay
                                800.00   data required time
-----------------------------------------------------------------------------
                                800.00   data required time
                               -903.66   data arrival time
-----------------------------------------------------------------------------
                               -103.66   slack (VIOLATED)



==========================================================================
cts final report_checks -unconstrained
--------------------------------------------------------------------------
Startpoint: rst_ni (input port clocked by core_clock)
Endpoint: gen_regfile_ff.register_file_i.rf_reg[851]$_DFFE_PN0P_
          (recovery check against rising-edge clock core_clock)
Path Group: asynchronous
Path Type: max

Fanout     Cap    Slew   Delay    Time   Description
-----------------------------------------------------------------------------
                          0.00    0.00   clock core_clock (rise edge)
                          0.00    0.00   clock network delay (propagated)
                        200.00  200.00 ^ input external delay
     1    6.34    0.00    0.00  200.00 ^ rst_ni (in)
                                         rst_ni (net)
                  8.26    2.61  202.61 ^ input1829/A (BUFx8_ASAP7_75t_R)
     7   20.99   23.08   21.80  224.41 ^ input1829/Y (BUFx8_ASAP7_75t_R)
                                         net1828 (net)
                 25.31    3.50  227.91 ^ place6154/A (BUFx6f_ASAP7_75t_R)
    74   78.02   94.35   32.17  260.08 ^ place6154/Y (BUFx6f_ASAP7_75t_R)
                                         net6153 (net)
                127.66   29.92  290.01 ^ place6146/A (BUFx3_ASAP7_75t_R)
    40   42.20   95.79   61.85  351.86 ^ place6146/Y (BUFx3_ASAP7_75t_R)
                                         net6145 (net)
                 99.07    9.61  361.48 ^ place6145/A (BUFx3_ASAP7_75t_R)
    43   44.44  101.96   59.34  420.82 ^ place6145/Y (BUFx3_ASAP7_75t_R)
                                         net6144 (net)
                105.74   10.72  431.54 ^ place6143/A (BUFx3_ASAP7_75t_R)
    52   53.36  121.90   65.99  497.53 ^ place6143/Y (BUFx3_ASAP7_75t_R)
                                         net6142 (net)
                131.61   18.26  515.79 ^ gen_regfile_ff.register_file_i.rf_reg[851]$_DFFE_PN0P_/RESETN (DFFASRHQNx1_ASAP7_75t_R)
                                515.79   data arrival time

                       1000.00 1000.00   clock core_clock (rise edge)
                          0.00 1000.00   clock source latency
     2   14.37    0.00    0.00 1000.00 ^ clk_i (in)
                                         clk_i (net)
                 17.76    5.60 1005.60 ^ delaybuf_0_core_clock/A (BUFx16f_ASAP7_75t_R)
     1    3.56    6.17   16.54 1022.14 ^ delaybuf_0_core_clock/Y (BUFx16f_ASAP7_75t_R)
                                         delaynet_0_core_clock (net)
                  7.50    1.57 1023.72 ^ delaybuf_1_core_clock/A (BUFx16f_ASAP7_75t_R)
     1    3.53    5.90   13.54 1037.26 ^ delaybuf_1_core_clock/Y (BUFx16f_ASAP7_75t_R)
                                         delaynet_1_core_clock (net)
                  7.25    1.53 1038.79 ^ delaybuf_2_core_clock/A (BUFx16f_ASAP7_75t_R)
     1    3.51    5.89   13.46 1052.24 ^ delaybuf_2_core_clock/Y (BUFx16f_ASAP7_75t_R)
                                         delaynet_2_core_clock (net)
                  7.21    1.51 1053.76 ^ clkbuf_regs_0_core_clock/A (BUFx16f_ASAP7_75t_R)
     1    3.19    5.79   13.41 1067.17 ^ clkbuf_regs_0_core_clock/Y (BUFx16f_ASAP7_75t_R)
                                         clk_i_regs (net)
                  6.57    1.18 1068.35 ^ clkbuf_0_clk_i_regs/A (BUFx16f_ASAP7_75t_R)
     4   14.95   12.41   14.66 1083.01 ^ clkbuf_0_clk_i_regs/Y (BUFx16f_ASAP7_75t_R)
                                         clknet_0_clk_i_regs (net)
                 17.05    3.82 1086.83 ^ clkbuf_2_1__f_clk_i_regs/A (BUFx16f_ASAP7_75t_R)
    13   37.67   24.53   21.61 1108.44 ^ clkbuf_2_1__f_clk_i_regs/Y (BUFx16f_ASAP7_75t_R)
                                         clknet_2_1__leaf_clk_i_regs (net)
                 29.60    5.71 1114.15 ^ clkbuf_leaf_43_clk_i_regs/A (BUFx24_ASAP7_75t_R)
    21   12.59   11.43   24.62 1138.77 ^ clkbuf_leaf_43_clk_i_regs/Y (BUFx24_ASAP7_75t_R)
                                         clknet_leaf_43_clk_i_regs (net)
                 11.50    0.40 1139.16 ^ gen_regfile_ff.register_file_i.rf_reg[851]$_DFFE_PN0P_/CLK (DFFASRHQNx1_ASAP7_75t_R)
                          0.00 1139.16   clock reconvergence pessimism
                         21.09 1160.25   library recovery time
                               1160.25   data required time
-----------------------------------------------------------------------------
                               1160.25   data required time
                               -515.79   data arrival time
-----------------------------------------------------------------------------
                                644.47   slack (MET)


Startpoint: core_clock_gate_i.en_latch$_DLATCH_N_
            (negative level-sensitive latch clocked by core_clock)
Endpoint: _22009_ (rising clock gating-check end-point clocked by core_clock)
Path Group: gated clock
Path Type: max

Fanout     Cap    Slew   Delay    Time   Description
-----------------------------------------------------------------------------
                        500.00  500.00   clock core_clock (fall edge)
                          0.00  500.00   clock source latency
     2   15.69    0.00    0.00  500.00 v clk_i (in)
                                         clk_i (net)
                 19.50    6.15  506.15 v delaybuf_0_core_clock/A (BUFx16f_ASAP7_75t_R)
     1    4.22    6.19   18.26  524.41 v delaybuf_0_core_clock/Y (BUFx16f_ASAP7_75t_R)
                                         delaynet_0_core_clock (net)
                  8.23    1.90  526.31 v delaybuf_1_core_clock/A (BUFx16f_ASAP7_75t_R)
     1    4.18    5.88   14.60  540.91 v delaybuf_1_core_clock/Y (BUFx16f_ASAP7_75t_R)
                                         delaynet_1_core_clock (net)
                  7.95    1.85  542.77 v delaybuf_2_core_clock/A (BUFx16f_ASAP7_75t_R)
     1    4.17    5.88   14.50  557.27 v delaybuf_2_core_clock/Y (BUFx16f_ASAP7_75t_R)
                                         delaynet_2_core_clock (net)
                  7.90    1.83  559.11 v clkbuf_regs_0_core_clock/A (BUFx16f_ASAP7_75t_R)
     1    3.85    5.82   14.47  573.58 v clkbuf_regs_0_core_clock/Y (BUFx16f_ASAP7_75t_R)
                                         clk_i_regs (net)
                  7.10    1.45  575.03 v clkbuf_0_clk_i_regs/A (BUFx16f_ASAP7_75t_R)
     4   17.59   13.16   15.56  590.59 v clkbuf_0_clk_i_regs/Y (BUFx16f_ASAP7_75t_R)
                                         clknet_0_clk_i_regs (net)
                 19.55    4.66  595.25 v clkbuf_2_3__f_clk_i_regs/A (BUFx16f_ASAP7_75t_R)
    12   46.17   25.84   25.13  620.39 v clkbuf_2_3__f_clk_i_regs/Y (BUFx16f_ASAP7_75t_R)
                                         clknet_2_3__leaf_clk_i_regs (net)
                 31.71    6.43  626.81 v clkbuf_leaf_32_clk_i_regs/A (BUFx24_ASAP7_75t_R)
     9   20.24   14.03   28.08  654.89 v clkbuf_leaf_32_clk_i_regs/Y (BUFx24_ASAP7_75t_R)
                                         clknet_leaf_32_clk_i_regs (net)
                 17.21    3.46  658.35 v core_clock_gate_i.en_latch$_DLATCH_N_/CLK (DLLx1_ASAP7_75t_R)
     1    6.86   40.56   47.99  706.34 v core_clock_gate_i.en_latch$_DLATCH_N_/Q (DLLx1_ASAP7_75t_R)
                                         core_clock_gate_i.en_latch (net)
                 42.15    4.34  710.68 v _22009_/B (AND2x2_ASAP7_75t_R)
                                710.68   data arrival time

                       1000.00 1000.00   clock core_clock (rise edge)
                          0.00 1000.00   clock source latency
     2   14.37    0.00    0.00 1000.00 ^ clk_i (in)
                                         clk_i (net)
                 61.90   19.53 1019.53 ^ clkbuf_0_clk_i/A (BUFx16f_ASAP7_75t_R)
     1    2.20    7.25   23.90 1043.43 ^ clkbuf_0_clk_i/Y (BUFx16f_ASAP7_75t_R)
                                         clknet_0_clk_i (net)
                  7.26    0.25 1043.67 ^ clkbuf_1_0__f_clk_i/A (BUFx16f_ASAP7_75t_R)
     1    0.54    4.58   12.91 1056.59 ^ clkbuf_1_0__f_clk_i/Y (BUFx16f_ASAP7_75t_R)
                                         clknet_1_0__leaf_clk_i (net)
                  4.58    0.04 1056.62 ^ _22009_/A (AND2x2_ASAP7_75t_R)
                          0.00 1056.62   clock reconvergence pessimism
                          0.00 1056.62   clock gating setup time
                               1056.62   data required time
-----------------------------------------------------------------------------
                               1056.62   data required time
                               -710.68   data arrival time
-----------------------------------------------------------------------------
                                345.94   slack (MET)


Startpoint: if_stage_i.instr_rdata_id_o[15]$_DFFE_PP_
            (rising edge-triggered flip-flop clocked by core_clock)
Endpoint: instr_addr_o[18] (output port clocked by core_clock)
Path Group: core_clock
Path Type: max

Fanout     Cap    Slew   Delay    Time   Description
-----------------------------------------------------------------------------
                          0.00    0.00   clock core_clock (rise edge)
                          0.00    0.00   clock source latency
     2   15.69    0.00    0.00    0.00 ^ clk_i (in)
                                         clk_i (net)
                 68.20   21.52   21.52 ^ clkbuf_0_clk_i/A (BUFx16f_ASAP7_75t_R)
     1    2.86    7.77   24.89   46.40 ^ clkbuf_0_clk_i/Y (BUFx16f_ASAP7_75t_R)
                                         clknet_0_clk_i (net)
                  7.79    0.33   46.73 ^ clkbuf_1_0__f_clk_i/A (BUFx16f_ASAP7_75t_R)
     1    0.66    4.63   13.11   59.84 ^ clkbuf_1_0__f_clk_i/Y (BUFx16f_ASAP7_75t_R)
                                         clknet_1_0__leaf_clk_i (net)
                  4.63    0.04   59.88 ^ _22009_/A (AND2x2_ASAP7_75t_R)
     1    2.79   15.29   19.17   79.05 ^ _22009_/Y (AND2x2_ASAP7_75t_R)
                                         _07791_ (net)
                 15.31    0.26   79.30 ^ clkbuf_0__07791_/A (BUFx16f_ASAP7_75t_R)
     4   18.92   14.24   17.60   96.90 ^ clkbuf_0__07791_/Y (BUFx16f_ASAP7_75t_R)
                                         clknet_0__07791_ (net)
                 27.36    7.56  104.46 ^ clkbuf_2_2__f__07791_/A (BUFx16f_ASAP7_75t_R)
    13   49.55   28.13   24.70  129.16 ^ clkbuf_2_2__f__07791_/Y (BUFx16f_ASAP7_75t_R)
                                         clknet_2_2__leaf__07791_ (net)
                 41.99    9.79  138.95 ^ clkbuf_leaf_5__07791_/A (BUFx24_ASAP7_75t_R)
    21   18.52   14.73   28.12  167.07 ^ clkbuf_leaf_5__07791_/Y (BUFx24_ASAP7_75t_R)
                                         clknet_leaf_5__07791_ (net)
                 16.36    2.48  169.55 ^ if_stage_i.instr_rdata_id_o[15]$_DFFE_PP_/CLK (DFFHQNx3_ASAP7_75t_R)
     2    5.09   26.60   53.74  223.29 ^ if_stage_i.instr_rdata_id_o[15]$_DFFE_PP_/QN (DFFHQNx3_ASAP7_75t_R)
                                         _00120_ (net)
                 27.02    1.84  225.13 ^ rebuffer6208/A (BUFx6f_ASAP7_75t_R)
     3    7.65   11.97   18.88  244.01 ^ rebuffer6208/Y (BUFx6f_ASAP7_75t_R)
                                         net6207 (net)
                 12.07    0.61  244.63 ^ place6093/A (BUFx12f_ASAP7_75t_R)
     7   19.44   15.92   14.27  258.89 ^ place6093/Y (BUFx12f_ASAP7_75t_R)
                                         net6092 (net)
                 37.37   11.01  269.90 ^ place6075/A (BUFx12f_ASAP7_75t_R)
     7    9.53   10.94   19.36  289.26 ^ place6075/Y (BUFx12f_ASAP7_75t_R)
                                         net6074 (net)
                 12.27    1.99  291.25 ^ _17652_/B (NAND2x2_ASAP7_75t_R)
     1    0.49    8.29    6.25  297.50 v _17652_/Y (NAND2x2_ASAP7_75t_R)
                                         _03434_ (net)
                  8.29    0.02  297.51 v _17659_/C (OA211x2_ASAP7_75t_R)
     1    0.89    9.66   27.02  324.53 v _17659_/Y (OA211x2_ASAP7_75t_R)
                                         _03441_ (net)
                  9.66    0.06  324.59 v _17661_/C (OR3x1_ASAP7_75t_R)
     1    1.59   14.74   27.52  352.11 v _17661_/Y (OR3x1_ASAP7_75t_R)
                                         _03443_ (net)
                 14.76    0.24  352.35 v _17687_/A2 (AO33x2_ASAP7_75t_R)
     1    1.02    9.98   30.36  382.71 v _17687_/Y (AO33x2_ASAP7_75t_R)
                                         _03469_ (net)
                  9.98    0.09  382.80 v _17689_/C (AO221x2_ASAP7_75t_R)
     2    5.55   22.90   33.06  415.86 v _17689_/Y (AO221x2_ASAP7_75t_R)
                                         _03471_ (net)
                 23.86    2.51  418.38 v place5630/A (BUFx6f_ASAP7_75t_R)
     2    5.12    8.69   18.19  436.57 v place5630/Y (BUFx6f_ASAP7_75t_R)
                                         net5629 (net)
                 10.08    1.78  438.35 v _20655_/A (OR2x2_ASAP7_75t_R)
     1    0.66    7.65   19.28  457.63 v _20655_/Y (OR2x2_ASAP7_75t_R)
                                         _06437_ (net)
                  7.65    0.04  457.66 v _20657_/C (OA211x2_ASAP7_75t_R)
     1    0.65    9.84   26.35  484.01 v _20657_/Y (OA211x2_ASAP7_75t_R)
                                         _06439_ (net)
                  9.84    0.03  484.04 v _20659_/C (AO221x2_ASAP7_75t_R)
     2    2.63   13.84   28.94  512.97 v _20659_/Y (AO221x2_ASAP7_75t_R)
                                         _06441_ (net)
                 13.91    0.52  513.49 v _20661_/A2 (AO21x1_ASAP7_75t_R)
     1    1.11   10.33   17.06  530.55 v _20661_/Y (AO21x1_ASAP7_75t_R)
                                         _06443_ (net)
                 10.33    0.04  530.59 v alu_adder_result_ex\\ALU_33_0_33_0_33_unused_CO_X_Y[0]_HAN_CARLSON/_534_/B (XOR2x2_ASAP7_75t_R)
     1    1.39    9.52   23.34  553.93 v alu_adder_result_ex\\ALU_33_0_33_0_33_unused_CO_X_Y[0]_HAN_CARLSON/_534_/Y (XOR2x2_ASAP7_75t_R)
                                         alu_adder_result_ex\\ALU_33_0_33_0_33_unused_CO_X_Y[0]_HAN_CARLSON/_231_ (net)
                  9.53    0.11  554.03 v alu_adder_result_ex\\ALU_33_0_33_0_33_unused_CO_X_Y[0]_HAN_CARLSON/_342_/A (HAxp5_ASAP7_75t_R)
     2    2.31   33.26   19.72  573.75 ^ alu_adder_result_ex\\ALU_33_0_33_0_33_unused_CO_X_Y[0]_HAN_CARLSON/_342_/CON (HAxp5_ASAP7_75t_R)
                                         alu_adder_result_ex\\ALU_33_0_33_0_33_unused_CO_X_Y[0]_HAN_CARLSON/_056_ (net)
     2    1.40   30.97   17.10  590.85 v alu_adder_result_ex\\ALU_33_0_33_0_33_unused_CO_X_Y[0]_HAN_CARLSON/_342_/SN (HAxp5_ASAP7_75t_R)
                                         alu_adder_result_ex\\ALU_33_0_33_0_33_unused_CO_X_Y[0]_HAN_CARLSON/_057_ (net)
                 30.97    0.05  590.90 v alu_adder_result_ex\\ALU_33_0_33_0_33_unused_CO_X_Y[0]_HAN_CARLSON/place5308/A (BUFx3_ASAP7_75t_R)
     3    2.39    8.22   20.45  611.35 v alu_adder_result_ex\\ALU_33_0_33_0_33_unused_CO_X_Y[0]_HAN_CARLSON/place5308/Y (BUFx3_ASAP7_75t_R)
                                         alu_adder_result_ex\\ALU_33_0_33_0_33_unused_CO_X_Y[0]_HAN_CARLSON/net5307 (net)
                  8.23    0.14  611.49 v alu_adder_result_ex\\ALU_33_0_33_0_33_unused_CO_X_Y[0]_HAN_CARLSON/_587_/A (OR4x1_ASAP7_75t_R)
     2    2.11   19.84   32.33  643.83 v alu_adder_result_ex\\ALU_33_0_33_0_33_unused_CO_X_Y[0]_HAN_CARLSON/_587_/Y (OR4x1_ASAP7_75t_R)
                                         alu_adder_result_ex\\ALU_33_0_33_0_33_unused_CO_X_Y[0]_HAN_CARLSON/_279_ (net)
                 19.85    0.16  643.99 v alu_adder_result_ex\\ALU_33_0_33_0_33_unused_CO_X_Y[0]_HAN_CARLSON/_616_/B (NOR2x1_ASAP7_75t_R)
     1    0.57   11.74    9.95  653.94 ^ alu_adder_result_ex\\ALU_33_0_33_0_33_unused_CO_X_Y[0]_HAN_CARLSON/_616_/Y (NOR2x1_ASAP7_75t_R)
                                         alu_adder_result_ex\\ALU_33_0_33_0_33_unused_CO_X_Y[0]_HAN_CARLSON/_304_ (net)
                 11.74    0.02  653.96 ^ alu_adder_result_ex\\ALU_33_0_33_0_33_unused_CO_X_Y[0]_HAN_CARLSON/_617_/B2 (AO221x1_ASAP7_75t_R)
     2    2.03   17.42   22.28  676.24 ^ alu_adder_result_ex\\ALU_33_0_33_0_33_unused_CO_X_Y[0]_HAN_CARLSON/_617_/Y (AO221x1_ASAP7_75t_R)
                                         alu_adder_result_ex\\ALU_33_0_33_0_33_unused_CO_X_Y[0]_HAN_CARLSON/_305_ (net)
                 17.43    0.23  676.47 ^ alu_adder_result_ex\\ALU_33_0_33_0_33_unused_CO_X_Y[0]_HAN_CARLSON/_618_/A (INVx1_ASAP7_75t_R)
     1    0.67    7.71    6.85  683.32 v alu_adder_result_ex\\ALU_33_0_33_0_33_unused_CO_X_Y[0]_HAN_CARLSON/_618_/Y (INVx1_ASAP7_75t_R)
                                         alu_adder_result_ex\\ALU_33_0_33_0_33_unused_CO_X_Y[0]_HAN_CARLSON/_306_ (net)
                  7.71    0.02  683.35 v alu_adder_result_ex\\ALU_33_0_33_0_33_unused_CO_X_Y[0]_HAN_CARLSON/_408_/B (OR3x1_ASAP7_75t_R)
     2    2.12   17.82   28.46  711.80 v alu_adder_result_ex\\ALU_33_0_33_0_33_unused_CO_X_Y[0]_HAN_CARLSON/_408_/Y (OR3x1_ASAP7_75t_R)
                                         alu_adder_result_ex\\ALU_33_0_33_0_33_unused_CO_X_Y[0]_HAN_CARLSON/_120_ (net)
                 17.82    0.11  711.91 v alu_adder_result_ex\\ALU_33_0_33_0_33_unused_CO_X_Y[0]_HAN_CARLSON/_409_/A (NAND2x1_ASAP7_75t_R)
     1    1.48   17.41   15.74  727.66 ^ alu_adder_result_ex\\ALU_33_0_33_0_33_unused_CO_X_Y[0]_HAN_CARLSON/_409_/Y (NAND2x1_ASAP7_75t_R)
                                         alu_adder_result_ex\\ALU_33_0_33_0_33_unused_CO_X_Y[0]_HAN_CARLSON/_121_ (net)
                 17.41    0.14  727.79 ^ alu_adder_result_ex\\ALU_33_0_33_0_33_unused_CO_X_Y[0]_HAN_CARLSON/_410_/A (XNOR2x2_ASAP7_75t_R)
     2    2.03   11.54   33.18  760.97 v alu_adder_result_ex\\ALU_33_0_33_0_33_unused_CO_X_Y[0]_HAN_CARLSON/_410_/Y (XNOR2x2_ASAP7_75t_R)
                                         net1839 (net)
                 11.55    0.07  761.04 v place5198/A (BUFx6f_ASAP7_75t_R)
     2    5.42    8.46   14.79  775.83 v place5198/Y (BUFx6f_ASAP7_75t_R)
                                         net5197 (net)
                 10.25    1.99  777.82 v _21224_/A1 (OA211x2_ASAP7_75t_R)
     1    1.15   12.09   22.85  800.67 v _21224_/Y (OA211x2_ASAP7_75t_R)
                                         _07006_ (net)
                 12.09    0.05  800.72 v _21228_/C (AOI211x1_ASAP7_75t_R)
     2    4.99   56.73   26.27  826.99 ^ _21228_/Y (AOI211x1_ASAP7_75t_R)
                                         _07010_ (net)
                 57.01    2.24  829.24 ^ _21300_/A (AND2x2_ASAP7_75t_R)
     2    2.13   14.22   26.70  855.93 ^ _21300_/Y (AND2x2_ASAP7_75t_R)
                                         _07082_ (net)
                 14.23    0.09  856.03 ^ _21301_/B (AOI21x1_ASAP7_75t_R)
     2    2.83   30.65   11.80  867.83 v _21301_/Y (AOI21x1_ASAP7_75t_R)
                                         _07083_ (net)
                 30.66    0.43  868.25 v _23113_/A2 (AO21x1_ASAP7_75t_R)
     2    1.51   12.70   21.84  890.10 v _23113_/Y (AO21x1_ASAP7_75t_R)
                                         net1907 (net)
                 12.70    0.07  890.16 v output1908/A (BUFx3_ASAP7_75t_R)
     1    0.42    4.35   13.48  903.64 v output1908/Y (BUFx3_ASAP7_75t_R)
                                         instr_addr_o[18] (net)
                  4.35    0.02  903.66 v instr_addr_o[18] (out)
                                903.66   data arrival time

                       1000.00 1000.00   clock core_clock (rise edge)
                          0.00 1000.00   clock network delay (propagated)
                          0.00 1000.00   clock reconvergence pessimism
                       -200.00  800.00   output external delay
                                800.00   data required time
-----------------------------------------------------------------------------
                                800.00   data required time
                               -903.66   data arrival time
-----------------------------------------------------------------------------
                               -103.66   slack (VIOLATED)



==========================================================================
cts final report_check_types -max_slew -max_cap -max_fanout -violators
--------------------------------------------------------------------------

==========================================================================
cts final max_slew_check_slack
--------------------------------------------------------------------------
38.25811767578125

==========================================================================
cts final max_slew_check_limit
--------------------------------------------------------------------------
320.0

==========================================================================
cts final max_slew_check_slack_limit
--------------------------------------------------------------------------
0.1196

==========================================================================
cts final max_fanout_check_slack
--------------------------------------------------------------------------
1.0000000150474662e+30

==========================================================================
cts final max_fanout_check_limit
--------------------------------------------------------------------------
1.0000000150474662e+30

==========================================================================
cts final max_capacitance_check_slack
--------------------------------------------------------------------------
1.5929690599441528

==========================================================================
cts final max_capacitance_check_limit
--------------------------------------------------------------------------
23.040000915527344

==========================================================================
cts final max_capacitance_check_slack_limit
--------------------------------------------------------------------------
0.0691

==========================================================================
cts final max_slew_violation_count
--------------------------------------------------------------------------
max slew violation count 0

==========================================================================
cts final max_fanout_violation_count
--------------------------------------------------------------------------
max fanout violation count 0

==========================================================================
cts final max_cap_violation_count
--------------------------------------------------------------------------
max cap violation count 0

==========================================================================
cts final setup_violation_count
--------------------------------------------------------------------------
setup violation count 988

==========================================================================
cts final hold_violation_count
--------------------------------------------------------------------------
hold violation count 0

==========================================================================
cts final report_checks -path_delay max reg to reg
--------------------------------------------------------------------------
Startpoint: if_stage_i.instr_rdata_id_o[21]$_DFFE_PP_
            (rising edge-triggered flip-flop clocked by core_clock)
Endpoint: gen_regfile_ff.register_file_i.rf_reg[826]$_DFFE_PN0P_
          (rising edge-triggered flip-flop clocked by core_clock)
Path Group: core_clock
Path Type: max

  Delay    Time   Description
---------------------------------------------------------
   0.00    0.00   clock core_clock (rise edge)
   0.00    0.00   clock source latency
   0.00    0.00 ^ clk_i (in)
  46.40   46.40 ^ clkbuf_0_clk_i/Y (BUFx16f_ASAP7_75t_R)
  13.43   59.84 ^ clkbuf_1_0__f_clk_i/Y (BUFx16f_ASAP7_75t_R)
  19.21   79.05 ^ _22009_/Y (AND2x2_ASAP7_75t_R)
  17.85   96.90 ^ clkbuf_0__07791_/Y (BUFx16f_ASAP7_75t_R)
  32.26  129.16 ^ clkbuf_2_2__f__07791_/Y (BUFx16f_ASAP7_75t_R)
  37.91  167.07 ^ clkbuf_leaf_5__07791_/Y (BUFx24_ASAP7_75t_R)
   2.03  169.10 ^ if_stage_i.instr_rdata_id_o[21]$_DFFE_PP_/CLK (DFFHQNx3_ASAP7_75t_R)
  52.05  221.15 v if_stage_i.instr_rdata_id_o[21]$_DFFE_PP_/QN (DFFHQNx3_ASAP7_75t_R)
  17.07  238.22 v rebuffer6268/Y (BUFx6f_ASAP7_75t_R)
  12.83  251.05 v place5932/Y (BUFx12f_ASAP7_75t_R)
  48.18  299.22 v _29721_/Y (AND2x4_ASAP7_75t_R)
  15.86  315.08 v _17616_/Y (AND2x4_ASAP7_75t_R)
  13.73  328.81 v place5751/Y (BUFx6f_ASAP7_75t_R)
  28.91  357.72 v _17943_/Y (OA211x2_ASAP7_75t_R)
  42.40  400.12 v _17951_/Y (OR4x1_ASAP7_75t_R)
  39.76  439.88 v _17964_/Y (OA211x2_ASAP7_75t_R)
  38.11  477.99 v _21375_/Y (AO22x2_ASAP7_75t_R)
  18.88  496.87 v place5494/Y (BUFx6f_ASAP7_75t_R)
  20.17  517.03 v _21546_/Y (AND2x4_ASAP7_75t_R)
  19.19  536.22 ^ _17118_/CON (FAx1_ASAP7_75t_R)
  14.64  550.86 v _17118_/SN (FAx1_ASAP7_75t_R)
  15.18  566.04 ^ _26285_/Y (INVx1_ASAP7_75t_R)
  39.31  605.35 v _17100_/SN (FAx1_ASAP7_75t_R)
  15.40  620.74 ^ _26297_/Y (INVx1_ASAP7_75t_R)
  36.85  657.59 v _17023_/SN (FAx1_ASAP7_75t_R)
  14.39  671.98 ^ _26303_/Y (INVx1_ASAP7_75t_R)
  36.93  708.91 v _16923_/SN (FAx1_ASAP7_75t_R)
  14.60  723.51 ^ _26310_/Y (INVx1_ASAP7_75t_R)
  35.90  759.41 v _16902_/SN (FAx1_ASAP7_75t_R)
  14.20  773.60 ^ _26340_/Y (INVx1_ASAP7_75t_R)
  59.19  832.79 v _16878_/SN (FAx1_ASAP7_75t_R)
  16.89  849.68 ^ _26347_/Y (INVx1_ASAP7_75t_R)
  20.91  870.60 v _17488_/_302_/CON (HAxp5_ASAP7_75t_R)
  13.69  884.29 ^ _17488_/_302_/SN (HAxp5_ASAP7_75t_R)
  18.99  903.28 ^ _17488_/rebuffer6188/Y (BUFx3_ASAP7_75t_R)
  13.56  916.84 ^ _17488_/place5076/Y (BUFx6f_ASAP7_75t_R)
   8.80  925.63 v _17488_/_336_/Y (OAI21x1_ASAP7_75t_R)
  20.65  946.28 v _17488_/_338_/Y (AO21x1_ASAP7_75t_R)
  26.11  972.38 v _17488_/_342_/Y (AO221x1_ASAP7_75t_R)
  27.38  999.76 v _17488_/_402_/Y (AO221x1_ASAP7_75t_R)
  26.63 1026.39 v _17488_/_503_/Y (XNOR2x2_ASAP7_75t_R)
  22.68 1049.08 v _23908_/Y (AO22x2_ASAP7_75t_R)
  33.01 1082.09 v _25387_/Y (AO222x2_ASAP7_75t_R)
  37.34 1119.43 v _25403_/Y (OR4x1_ASAP7_75t_R)
  31.26 1150.69 v _25404_/Y (OA21x2_ASAP7_75t_R)
  41.63 1192.32 v place4877/Y (BUFx6f_ASAP7_75t_R)
  19.19 1211.51 v _26725_/Y (AO21x1_ASAP7_75t_R)
   0.03 1211.54 v gen_regfile_ff.register_file_i.rf_reg[826]$_DFFE_PN0P_/D (DFFASRHQNx1_ASAP7_75t_R)
        1211.54   data arrival time

1000.00 1000.00   clock core_clock (rise edge)
   0.00 1000.00   clock source latency
   0.00 1000.00 ^ clk_i (in)
  22.14 1022.14 ^ delaybuf_0_core_clock/Y (BUFx16f_ASAP7_75t_R)
  15.11 1037.26 ^ delaybuf_1_core_clock/Y (BUFx16f_ASAP7_75t_R)
  14.99 1052.24 ^ delaybuf_2_core_clock/Y (BUFx16f_ASAP7_75t_R)
  14.93 1067.17 ^ clkbuf_regs_0_core_clock/Y (BUFx16f_ASAP7_75t_R)
  15.83 1083.01 ^ clkbuf_0_clk_i_regs/Y (BUFx16f_ASAP7_75t_R)
  26.54 1109.55 ^ clkbuf_2_3__f_clk_i_regs/Y (BUFx16f_ASAP7_75t_R)
  25.69 1135.24 ^ clkbuf_leaf_27_clk_i_regs/Y (BUFx24_ASAP7_75t_R)
   0.29 1135.53 ^ gen_regfile_ff.register_file_i.rf_reg[826]$_DFFE_PN0P_/CLK (DFFASRHQNx1_ASAP7_75t_R)
   0.00 1135.53   clock reconvergence pessimism
  -2.93 1132.60   library setup time
        1132.60   data required time
---------------------------------------------------------
        1132.60   data required time
        -1211.54   data arrival time
---------------------------------------------------------
         -78.94   slack (VIOLATED)



==========================================================================
cts final report_checks -path_delay min reg to reg
--------------------------------------------------------------------------
Startpoint: cs_registers_i.u_dcsr_csr.rd_data_o[2]$_DFFE_PN0P_
            (rising edge-triggered flip-flop clocked by core_clock)
Endpoint: cs_registers_i.u_dcsr_csr.rd_data_o[8]$_DFFE_PN0P_
          (rising edge-triggered flip-flop clocked by core_clock)
Path Group: core_clock
Path Type: min

  Delay    Time   Description
---------------------------------------------------------
   0.00    0.00   clock core_clock (rise edge)
   0.00    0.00   clock source latency
   0.00    0.00 ^ clk_i (in)
  43.43   43.43 ^ clkbuf_0_clk_i/Y (BUFx16f_ASAP7_75t_R)
  13.16   56.59 ^ clkbuf_1_0__f_clk_i/Y (BUFx16f_ASAP7_75t_R)
  17.91   74.50 ^ _22009_/Y (AND2x2_ASAP7_75t_R)
  16.68   91.18 ^ clkbuf_0__07791_/Y (BUFx16f_ASAP7_75t_R)
  30.74  121.92 ^ clkbuf_2_3__f__07791_/Y (BUFx16f_ASAP7_75t_R)
  26.32  148.24 ^ clkbuf_leaf_19__07791_/Y (BUFx24_ASAP7_75t_R)
   0.68  148.91 ^ cs_registers_i.u_dcsr_csr.rd_data_o[2]$_DFFE_PN0P_/CLK (DFFASRHQNx1_ASAP7_75t_R)
  60.39  209.31 ^ cs_registers_i.u_dcsr_csr.rd_data_o[2]$_DFFE_PN0P_/QN (DFFASRHQNx1_ASAP7_75t_R)
  10.72  220.03 v _30195_/Y (OAI22x1_ASAP7_75t_R)
   0.02  220.05 v cs_registers_i.u_dcsr_csr.rd_data_o[8]$_DFFE_PN0P_/D (DFFASRHQNx1_ASAP7_75t_R)
         220.05   data arrival time

   0.00    0.00   clock core_clock (rise edge)
   0.00    0.00   clock source latency
   0.00    0.00 ^ clk_i (in)
  46.40   46.40 ^ clkbuf_0_clk_i/Y (BUFx16f_ASAP7_75t_R)
  13.43   59.84 ^ clkbuf_1_0__f_clk_i/Y (BUFx16f_ASAP7_75t_R)
  19.21   79.05 ^ _22009_/Y (AND2x2_ASAP7_75t_R)
  17.85   96.90 ^ clkbuf_0__07791_/Y (BUFx16f_ASAP7_75t_R)
  25.55  122.45 ^ clkbuf_2_1__f__07791_/Y (BUFx16f_ASAP7_75t_R)
  60.58  183.03 ^ clkbuf_leaf_18__07791_/Y (BUFx24_ASAP7_75t_R)
   1.09  184.12 ^ cs_registers_i.u_dcsr_csr.rd_data_o[8]$_DFFE_PN0P_/CLK (DFFASRHQNx1_ASAP7_75t_R)
  -5.72  178.40   clock reconvergence pessimism
  12.53  190.93   library hold time
         190.93   data required time
---------------------------------------------------------
         190.93   data required time
        -220.05   data arrival time
---------------------------------------------------------
          29.12   slack (MET)



==========================================================================
cts final critical path target clock latency max path
--------------------------------------------------------------------------
139.1622

==========================================================================
cts final critical path target clock latency min path
--------------------------------------------------------------------------
150.7323

==========================================================================
cts final critical path source clock latency min path
--------------------------------------------------------------------------
0.0000

==========================================================================
cts final critical path delay
--------------------------------------------------------------------------
903.6609

==========================================================================
cts final critical path slack
--------------------------------------------------------------------------
-103.6610

==========================================================================
cts final slack div critical path delay
--------------------------------------------------------------------------
-11.471228

==========================================================================
cts final report_power
--------------------------------------------------------------------------
Group                  Internal  Switching    Leakage      Total
                          Power      Power      Power      Power (Watts)
----------------------------------------------------------------
Sequential             3.66e-03   6.47e-04   2.45e-07   4.31e-03  17.2%
Combinational          7.84e-03   9.98e-03   1.66e-06   1.78e-02  71.3%
Clock                  1.68e-03   1.18e-03   6.01e-08   2.86e-03  11.4%
Macro                  0.00e+00   0.00e+00   0.00e+00   0.00e+00   0.0%
Pad                    0.00e+00   0.00e+00   0.00e+00   0.00e+00   0.0%
----------------------------------------------------------------
Total                  1.32e-02   1.18e-02   1.97e-06   2.50e-02 100.0%
                          52.8%      47.2%       0.0%
