
==========================================================================
finish report_tns
--------------------------------------------------------------------------
tns max -31469.69

==========================================================================
finish report_wns
--------------------------------------------------------------------------
wns max -83.24

==========================================================================
finish report_worst_slack
--------------------------------------------------------------------------
worst slack max -83.24

==========================================================================
finish report_clock_min_period
--------------------------------------------------------------------------
core_clock period_min = 1083.24 fmax = 923.16

==========================================================================
finish report_clock_skew
--------------------------------------------------------------------------
Clock core_clock
 143.92 source latency cs_registers_i.minstret_counter_i.counter_val_o[6]$_DFFE_PN0P_/CLK ^
-122.87 target latency gen_regfile_ff.register_file_i.rf_reg[582]$_DFFE_PN0P_/CLK ^
   0.00 CRPR
--------------
  21.05 setup skew


==========================================================================
finish report_checks -path_delay min
--------------------------------------------------------------------------
Startpoint: rst_ni (input port clocked by core_clock)
Endpoint: gen_regfile_ff.register_file_i.rf_reg[412]$_DFFE_PN0P_
          (removal check against rising-edge clock core_clock)
Path Group: asynchronous
Path Type: min

Fanout     Cap    Slew   Delay    Time   Description
-----------------------------------------------------------------------------
                          0.00    0.00   clock core_clock (rise edge)
                          0.00    0.00   clock network delay (propagated)
                        200.00  200.00 ^ input external delay
     1    3.21    0.00    0.00  200.00 ^ rst_ni (in)
                                         rst_ni (net)
                  2.68    0.84  200.84 ^ input1829/A (BUFx8_ASAP7_75t_R)
     7   18.71   22.53   18.64  219.49 ^ input1829/Y (BUFx8_ASAP7_75t_R)
                                         net1828 (net)
                 25.45    4.06  223.55 ^ gen_regfile_ff.register_file_i.rf_reg[412]$_DFFE_PN0P_/RESETN (DFFASRHQNx1_ASAP7_75t_R)
                                223.55   data arrival time

                          0.00    0.00   clock core_clock (rise edge)
                          0.00    0.00   clock source latency
     2   14.27    0.00    0.00    0.00 ^ clk_i (in)
                                         clk_i (net)
                  7.10    2.24    2.24 ^ delaybuf_0_core_clock/A (BUFx16f_ASAP7_75t_R)
     1    3.83    6.07   13.52   15.75 ^ delaybuf_0_core_clock/Y (BUFx16f_ASAP7_75t_R)
                                         delaynet_0_core_clock (net)
                  6.75    1.06   16.81 ^ delaybuf_1_core_clock/A (BUFx16f_ASAP7_75t_R)
     1    3.91    6.11   13.42   30.23 ^ delaybuf_1_core_clock/Y (BUFx16f_ASAP7_75t_R)
                                         delaynet_1_core_clock (net)
                  6.79    1.06   31.30 ^ delaybuf_2_core_clock/A (BUFx16f_ASAP7_75t_R)
     1    3.86    6.09   13.43   44.73 ^ delaybuf_2_core_clock/Y (BUFx16f_ASAP7_75t_R)
                                         delaynet_2_core_clock (net)
                  6.73    1.03   45.76 ^ clkbuf_regs_0_core_clock/A (BUFx16f_ASAP7_75t_R)
     1    3.70    6.03   13.39   59.15 ^ clkbuf_regs_0_core_clock/Y (BUFx16f_ASAP7_75t_R)
                                         clk_i_regs (net)
                  6.54    0.92   60.07 ^ clkbuf_0_clk_i_regs/A (BUFx16f_ASAP7_75t_R)
     4   16.49   13.55   15.25   75.33 ^ clkbuf_0_clk_i_regs/Y (BUFx16f_ASAP7_75t_R)
                                         clknet_0_clk_i_regs (net)
                 17.11    3.59   78.92 ^ clkbuf_2_2__f_clk_i_regs/A (BUFx16f_ASAP7_75t_R)
    14   46.94   28.99   23.20  102.12 ^ clkbuf_2_2__f_clk_i_regs/Y (BUFx16f_ASAP7_75t_R)
                                         clknet_2_2__leaf_clk_i_regs (net)
                 32.79    5.46  107.58 ^ clkbuf_leaf_14_clk_i_regs/A (BUFx24_ASAP7_75t_R)
    22   15.99   13.03   25.75  133.32 ^ clkbuf_leaf_14_clk_i_regs/Y (BUFx24_ASAP7_75t_R)
                                         clknet_leaf_14_clk_i_regs (net)
                 15.05    2.62  135.94 ^ gen_regfile_ff.register_file_i.rf_reg[412]$_DFFE_PN0P_/CLK (DFFASRHQNx1_ASAP7_75t_R)
                          0.00  135.94   clock reconvergence pessimism
                         23.64  159.59   library removal time
                                159.59   data required time
-----------------------------------------------------------------------------
                                159.59   data required time
                               -223.55   data arrival time
-----------------------------------------------------------------------------
                                 63.96   slack (MET)


Startpoint: core_clock_gate_i.en_latch$_DLATCH_N_
            (negative level-sensitive latch clocked by core_clock)
Endpoint: _22009_ (rising clock gating-check end-point clocked by core_clock)
Path Group: gated clock
Path Type: min

Fanout     Cap    Slew   Delay    Time   Description
-----------------------------------------------------------------------------
                        500.00  500.00   clock core_clock (fall edge)
                          0.00  500.00   clock source latency
     2   12.94    0.00    0.00  500.00 v clk_i (in)
                                         clk_i (net)
                  6.34    2.00  502.00 v delaybuf_0_core_clock/A (BUFx16f_ASAP7_75t_R)
     1    3.16    5.61   13.89  515.89 v delaybuf_0_core_clock/Y (BUFx16f_ASAP7_75t_R)
                                         delaynet_0_core_clock (net)
                  6.00    0.85  516.74 v delaybuf_1_core_clock/A (BUFx16f_ASAP7_75t_R)
     1    3.24    5.64   13.79  530.53 v delaybuf_1_core_clock/Y (BUFx16f_ASAP7_75t_R)
                                         delaynet_1_core_clock (net)
                  6.05    0.86  531.38 v delaybuf_2_core_clock/A (BUFx16f_ASAP7_75t_R)
     1    3.19    5.62   13.80  545.18 v delaybuf_2_core_clock/Y (BUFx16f_ASAP7_75t_R)
                                         delaynet_2_core_clock (net)
                  5.99    0.83  546.01 v clkbuf_regs_0_core_clock/A (BUFx16f_ASAP7_75t_R)
     1    3.04    5.56   13.75  559.76 v clkbuf_regs_0_core_clock/Y (BUFx16f_ASAP7_75t_R)
                                         clk_i_regs (net)
                  5.85    0.74  560.50 v clkbuf_0_clk_i_regs/A (BUFx16f_ASAP7_75t_R)
     4   13.83   11.19   15.27  575.77 v clkbuf_0_clk_i_regs/Y (BUFx16f_ASAP7_75t_R)
                                         clknet_0_clk_i_regs (net)
                 13.36    2.54  578.32 v clkbuf_2_3__f_clk_i_regs/A (BUFx16f_ASAP7_75t_R)
    12   36.48   21.93   21.63  599.94 v clkbuf_2_3__f_clk_i_regs/Y (BUFx16f_ASAP7_75t_R)
                                         clknet_2_3__leaf_clk_i_regs (net)
                 24.99    4.28  604.22 v clkbuf_leaf_32_clk_i_regs/A (BUFx24_ASAP7_75t_R)
     9   16.36   12.22   25.39  629.62 v clkbuf_leaf_32_clk_i_regs/Y (BUFx24_ASAP7_75t_R)
                                         clknet_leaf_32_clk_i_regs (net)
                 16.45    3.81  633.43 v core_clock_gate_i.en_latch$_DLATCH_N_/CLK (DLLx1_ASAP7_75t_R)
     1    4.60   33.20   34.69  668.12 ^ core_clock_gate_i.en_latch$_DLATCH_N_/Q (DLLx1_ASAP7_75t_R)
                                         core_clock_gate_i.en_latch (net)
                 33.71    2.29  670.40 ^ _22009_/B (AND2x2_ASAP7_75t_R)
                                670.40   data arrival time

                        500.00  500.00   clock core_clock (fall edge)
                          0.00  500.00   clock source latency
     2   14.27    0.00    0.00  500.00 v clk_i (in)
                                         clk_i (net)
                 25.50    8.05  508.05 v clkbuf_0_clk_i/A (BUFx16f_ASAP7_75t_R)
     1    2.78    6.07   19.70  527.74 v clkbuf_0_clk_i/Y (BUFx16f_ASAP7_75t_R)
                                         clknet_0_clk_i (net)
                  6.09    0.35  528.09 v clkbuf_1_0__f_clk_i/A (BUFx16f_ASAP7_75t_R)
     1    0.59    4.52   13.31  541.40 v clkbuf_1_0__f_clk_i/Y (BUFx16f_ASAP7_75t_R)
                                         clknet_1_0__leaf_clk_i (net)
                  4.52    0.05  541.45 v _22009_/A (AND2x2_ASAP7_75t_R)
                          0.00  541.45   clock reconvergence pessimism
                          0.00  541.45   clock gating hold time
                                541.45   data required time
-----------------------------------------------------------------------------
                                541.45   data required time
                               -670.40   data arrival time
-----------------------------------------------------------------------------
                                128.96   slack (MET)


Startpoint: fetch_enable_q$_DFFE_PN0P_
            (rising edge-triggered flip-flop clocked by core_clock)
Endpoint: fetch_enable_q$_DFFE_PN0P_
          (rising edge-triggered flip-flop clocked by core_clock)
Path Group: core_clock
Path Type: min

Fanout     Cap    Slew   Delay    Time   Description
-----------------------------------------------------------------------------
                          0.00    0.00   clock core_clock (rise edge)
                          0.00    0.00   clock source latency
     2   12.95    0.00    0.00    0.00 ^ clk_i (in)
                                         clk_i (net)
                  6.35    2.00    2.00 ^ delaybuf_0_core_clock/A (BUFx16f_ASAP7_75t_R)
     1    3.17    5.80   13.17   15.18 ^ delaybuf_0_core_clock/Y (BUFx16f_ASAP7_75t_R)
                                         delaynet_0_core_clock (net)
                  6.20    0.85   16.03 ^ delaybuf_1_core_clock/A (BUFx16f_ASAP7_75t_R)
     1    3.25    5.84   13.14   29.17 ^ delaybuf_1_core_clock/Y (BUFx16f_ASAP7_75t_R)
                                         delaynet_1_core_clock (net)
                  6.24    0.86   30.02 ^ delaybuf_2_core_clock/A (BUFx16f_ASAP7_75t_R)
     1    3.20    5.82   13.15   43.17 ^ delaybuf_2_core_clock/Y (BUFx16f_ASAP7_75t_R)
                                         delaynet_2_core_clock (net)
                  6.19    0.83   44.00 ^ clkbuf_regs_0_core_clock/A (BUFx16f_ASAP7_75t_R)
     1    3.05    5.75   13.10   57.10 ^ clkbuf_regs_0_core_clock/Y (BUFx16f_ASAP7_75t_R)
                                         clk_i_regs (net)
                  6.03    0.74   57.85 ^ clkbuf_0_clk_i_regs/A (BUFx16f_ASAP7_75t_R)
     4   13.85   11.90   14.78   72.63 ^ clkbuf_0_clk_i_regs/Y (BUFx16f_ASAP7_75t_R)
                                         clknet_0_clk_i_regs (net)
                 13.97    2.57   75.19 ^ clkbuf_2_3__f_clk_i_regs/A (BUFx16f_ASAP7_75t_R)
    12   36.42   23.82   21.37   96.56 ^ clkbuf_2_3__f_clk_i_regs/Y (BUFx16f_ASAP7_75t_R)
                                         clknet_2_3__leaf_clk_i_regs (net)
                 26.65    4.31  100.87 ^ clkbuf_leaf_32_clk_i_regs/A (BUFx24_ASAP7_75t_R)
     9   16.36   12.89   24.21  125.09 ^ clkbuf_leaf_32_clk_i_regs/Y (BUFx24_ASAP7_75t_R)
                                         clknet_leaf_32_clk_i_regs (net)
                 16.84    3.77  128.86 ^ fetch_enable_q$_DFFE_PN0P_/CLK (DFFASRHQNx1_ASAP7_75t_R)
     2    1.19   16.45   42.56  171.42 ^ fetch_enable_q$_DFFE_PN0P_/QN (DFFASRHQNx1_ASAP7_75t_R)
                                         _01329_ (net)
                 16.45    0.12  171.54 ^ _28794_/B (NAND2x1_ASAP7_75t_R)
     1    0.66    6.84    7.95  179.49 v _28794_/Y (NAND2x1_ASAP7_75t_R)
                                         _14544_ (net)
                  6.85    0.09  179.57 v fetch_enable_q$_DFFE_PN0P_/D (DFFASRHQNx1_ASAP7_75t_R)
                                179.57   data arrival time

                          0.00    0.00   clock core_clock (rise edge)
                          0.00    0.00   clock source latency
     2   14.27    0.00    0.00    0.00 ^ clk_i (in)
                                         clk_i (net)
                  7.10    2.24    2.24 ^ delaybuf_0_core_clock/A (BUFx16f_ASAP7_75t_R)
     1    3.83    6.07   13.52   15.75 ^ delaybuf_0_core_clock/Y (BUFx16f_ASAP7_75t_R)
                                         delaynet_0_core_clock (net)
                  6.75    1.06   16.81 ^ delaybuf_1_core_clock/A (BUFx16f_ASAP7_75t_R)
     1    3.91    6.11   13.42   30.23 ^ delaybuf_1_core_clock/Y (BUFx16f_ASAP7_75t_R)
                                         delaynet_1_core_clock (net)
                  6.79    1.06   31.30 ^ delaybuf_2_core_clock/A (BUFx16f_ASAP7_75t_R)
     1    3.86    6.09   13.43   44.73 ^ delaybuf_2_core_clock/Y (BUFx16f_ASAP7_75t_R)
                                         delaynet_2_core_clock (net)
                  6.73    1.03   45.76 ^ clkbuf_regs_0_core_clock/A (BUFx16f_ASAP7_75t_R)
     1    3.70    6.03   13.39   59.15 ^ clkbuf_regs_0_core_clock/Y (BUFx16f_ASAP7_75t_R)
                                         clk_i_regs (net)
                  6.54    0.92   60.07 ^ clkbuf_0_clk_i_regs/A (BUFx16f_ASAP7_75t_R)
     4   16.49   13.55   15.25   75.33 ^ clkbuf_0_clk_i_regs/Y (BUFx16f_ASAP7_75t_R)
                                         clknet_0_clk_i_regs (net)
                 16.15    3.06   78.39 ^ clkbuf_2_3__f_clk_i_regs/A (BUFx16f_ASAP7_75t_R)
    12   45.25   28.66   23.35  101.74 ^ clkbuf_2_3__f_clk_i_regs/Y (BUFx16f_ASAP7_75t_R)
                                         clknet_2_3__leaf_clk_i_regs (net)
                 32.19    5.28  107.02 ^ clkbuf_leaf_32_clk_i_regs/A (BUFx24_ASAP7_75t_R)
     9   19.37   14.51   26.05  133.07 ^ clkbuf_leaf_32_clk_i_regs/Y (BUFx24_ASAP7_75t_R)
                                         clknet_leaf_32_clk_i_regs (net)
                 18.71    4.12  137.18 ^ fetch_enable_q$_DFFE_PN0P_/CLK (DFFASRHQNx1_ASAP7_75t_R)
                         -8.33  128.86   clock reconvergence pessimism
                         13.82  142.68   library hold time
                                142.68   data required time
-----------------------------------------------------------------------------
                                142.68   data required time
                               -179.57   data arrival time
-----------------------------------------------------------------------------
                                 36.90   slack (MET)



==========================================================================
finish report_checks -path_delay max
--------------------------------------------------------------------------
Startpoint: rst_ni (input port clocked by core_clock)
Endpoint: load_store_unit_i.data_type_q[0]$_DFF_PN1_
          (recovery check against rising-edge clock core_clock)
Path Group: asynchronous
Path Type: max

Fanout     Cap    Slew   Delay    Time   Description
-----------------------------------------------------------------------------
                          0.00    0.00   clock core_clock (rise edge)
                          0.00    0.00   clock network delay (propagated)
                        200.00  200.00 ^ input external delay
     1    3.42    0.00    0.00  200.00 ^ rst_ni (in)
                                         rst_ni (net)
                  2.98    0.94  200.94 ^ input1829/A (BUFx8_ASAP7_75t_R)
     7   19.98   23.74   19.03  219.97 ^ input1829/Y (BUFx8_ASAP7_75t_R)
                                         net1828 (net)
                 27.78    4.83  224.80 ^ place6154/A (BUFx6f_ASAP7_75t_R)
    15   18.23   25.49   19.12  243.92 ^ place6154/Y (BUFx6f_ASAP7_75t_R)
                                         net6153 (net)
                 41.51   11.14  255.06 ^ load_slew6796/A (BUFx16f_ASAP7_75t_R)
    60   58.57   27.08   23.86  278.92 ^ load_slew6796/Y (BUFx16f_ASAP7_75t_R)
                                         net6795 (net)
                120.07   37.75  316.67 ^ place6148/A (BUFx3_ASAP7_75t_R)
    53   53.26  126.79   52.40  369.07 ^ place6148/Y (BUFx3_ASAP7_75t_R)
                                         net6147 (net)
                148.59   27.45  396.52 ^ place6147/A (BUFx3_ASAP7_75t_R)
    36   46.38  102.76   40.10  436.62 ^ place6147/Y (BUFx3_ASAP7_75t_R)
                                         net6146 (net)
                262.84   79.95  516.57 ^ load_store_unit_i.data_type_q[0]$_DFF_PN1_/SETN (DFFASRHQNx1_ASAP7_75t_R)
                                516.57   data arrival time

                       1000.00 1000.00   clock core_clock (rise edge)
                          0.00 1000.00   clock source latency
     2   12.95    0.00    0.00 1000.00 ^ clk_i (in)
                                         clk_i (net)
                 23.14    7.30 1007.30 ^ clkbuf_0_clk_i/A (BUFx16f_ASAP7_75t_R)
     1    2.12    5.77   17.61 1024.91 ^ clkbuf_0_clk_i/Y (BUFx16f_ASAP7_75t_R)
                                         clknet_0_clk_i (net)
                  5.78    0.26 1025.17 ^ clkbuf_1_0__f_clk_i/A (BUFx16f_ASAP7_75t_R)
     1    0.48    4.54   12.44 1037.61 ^ clkbuf_1_0__f_clk_i/Y (BUFx16f_ASAP7_75t_R)
                                         clknet_1_0__leaf_clk_i (net)
                  4.54    0.04 1037.65 ^ _22009_/A (AND2x2_ASAP7_75t_R)
     1    2.12   12.10   17.82 1055.47 ^ _22009_/Y (AND2x2_ASAP7_75t_R)
                                         _07791_ (net)
                 12.12    0.26 1055.73 ^ clkbuf_0__07791_/A (BUFx16f_ASAP7_75t_R)
     4   15.44   12.87   16.80 1072.54 ^ clkbuf_0__07791_/Y (BUFx16f_ASAP7_75t_R)
                                         clknet_0__07791_ (net)
                 15.03    2.71 1075.25 ^ clkbuf_2_0__f__07791_/A (BUFx16f_ASAP7_75t_R)
     9   32.39   21.55   20.60 1095.84 ^ clkbuf_2_0__f__07791_/Y (BUFx16f_ASAP7_75t_R)
                                         clknet_2_0__leaf__07791_ (net)
                 26.26    5.20 1101.04 ^ clkbuf_leaf_44__07791_/A (BUFx24_ASAP7_75t_R)
    16   11.92   10.91   23.64 1124.68 ^ clkbuf_leaf_44__07791_/Y (BUFx24_ASAP7_75t_R)
                                         clknet_leaf_44__07791_ (net)
                 11.12    0.45 1125.13 ^ load_store_unit_i.data_type_q[0]$_DFF_PN1_/CLK (DFFASRHQNx1_ASAP7_75t_R)
                          0.00 1125.13   clock reconvergence pessimism
                        -24.04 1101.09   library recovery time
                               1101.09   data required time
-----------------------------------------------------------------------------
                               1101.09   data required time
                               -516.57   data arrival time
-----------------------------------------------------------------------------
                                584.52   slack (MET)


Startpoint: core_clock_gate_i.en_latch$_DLATCH_N_
            (negative level-sensitive latch clocked by core_clock)
Endpoint: _22009_ (rising clock gating-check end-point clocked by core_clock)
Path Group: gated clock
Path Type: max

Fanout     Cap    Slew   Delay    Time   Description
-----------------------------------------------------------------------------
                        500.00  500.00   clock core_clock (fall edge)
                          0.00  500.00   clock source latency
     2   14.27    0.00    0.00  500.00 v clk_i (in)
                                         clk_i (net)
                  7.10    2.24  502.24 v delaybuf_0_core_clock/A (BUFx16f_ASAP7_75t_R)
     1    3.83    5.85   14.25  516.48 v delaybuf_0_core_clock/Y (BUFx16f_ASAP7_75t_R)
                                         delaynet_0_core_clock (net)
                  6.54    1.06  517.54 v delaybuf_1_core_clock/A (BUFx16f_ASAP7_75t_R)
     1    3.91    5.88   14.07  531.61 v delaybuf_1_core_clock/Y (BUFx16f_ASAP7_75t_R)
                                         delaynet_1_core_clock (net)
                  6.58    1.06  532.67 v delaybuf_2_core_clock/A (BUFx16f_ASAP7_75t_R)
     1    3.86    5.86   14.08  546.75 v delaybuf_2_core_clock/Y (BUFx16f_ASAP7_75t_R)
                                         delaynet_2_core_clock (net)
                  6.52    1.03  547.78 v clkbuf_regs_0_core_clock/A (BUFx16f_ASAP7_75t_R)
     1    3.70    5.81   14.04  561.82 v clkbuf_regs_0_core_clock/Y (BUFx16f_ASAP7_75t_R)
                                         clk_i_regs (net)
                  6.33    0.92  562.74 v clkbuf_0_clk_i_regs/A (BUFx16f_ASAP7_75t_R)
     4   16.49   12.70   15.70  578.45 v clkbuf_0_clk_i_regs/Y (BUFx16f_ASAP7_75t_R)
                                         clknet_0_clk_i_regs (net)
                 15.45    3.03  581.48 v clkbuf_2_3__f_clk_i_regs/A (BUFx16f_ASAP7_75t_R)
    12   45.20   26.18   23.43  604.91 v clkbuf_2_3__f_clk_i_regs/Y (BUFx16f_ASAP7_75t_R)
                                         clknet_2_3__leaf_clk_i_regs (net)
                 29.98    5.21  610.12 v clkbuf_leaf_32_clk_i_regs/A (BUFx24_ASAP7_75t_R)
     9   19.38   13.77   27.33  637.45 v clkbuf_leaf_32_clk_i_regs/Y (BUFx24_ASAP7_75t_R)
                                         clknet_leaf_32_clk_i_regs (net)
                 18.29    4.18  641.64 v core_clock_gate_i.en_latch$_DLATCH_N_/CLK (DLLx1_ASAP7_75t_R)
     1    4.85   30.56   43.79  685.42 v core_clock_gate_i.en_latch$_DLATCH_N_/Q (DLLx1_ASAP7_75t_R)
                                         core_clock_gate_i.en_latch (net)
                 31.22    2.48  687.90 v _22009_/B (AND2x2_ASAP7_75t_R)
                                687.90   data arrival time

                       1000.00 1000.00   clock core_clock (rise edge)
                          0.00 1000.00   clock source latency
     2   12.95    0.00    0.00 1000.00 ^ clk_i (in)
                                         clk_i (net)
                 23.14    7.30 1007.30 ^ clkbuf_0_clk_i/A (BUFx16f_ASAP7_75t_R)
     1    2.12    5.77   17.61 1024.91 ^ clkbuf_0_clk_i/Y (BUFx16f_ASAP7_75t_R)
                                         clknet_0_clk_i (net)
                  5.78    0.26 1025.17 ^ clkbuf_1_0__f_clk_i/A (BUFx16f_ASAP7_75t_R)
     1    0.48    4.54   12.44 1037.61 ^ clkbuf_1_0__f_clk_i/Y (BUFx16f_ASAP7_75t_R)
                                         clknet_1_0__leaf_clk_i (net)
                  4.54    0.04 1037.65 ^ _22009_/A (AND2x2_ASAP7_75t_R)
                          0.00 1037.65   clock reconvergence pessimism
                          0.00 1037.65   clock gating setup time
                               1037.65   data required time
-----------------------------------------------------------------------------
                               1037.65   data required time
                               -687.90   data arrival time
-----------------------------------------------------------------------------
                                349.76   slack (MET)


Startpoint: if_stage_i.instr_rdata_id_o[17]$_DFFE_PP_
            (rising edge-triggered flip-flop clocked by core_clock)
Endpoint: instr_addr_o[18] (output port clocked by core_clock)
Path Group: core_clock
Path Type: max

Fanout     Cap    Slew   Delay    Time   Description
-----------------------------------------------------------------------------
                          0.00    0.00   clock core_clock (rise edge)
                          0.00    0.00   clock source latency
     2   14.27    0.00    0.00    0.00 ^ clk_i (in)
                                         clk_i (net)
                 25.50    8.05    8.05 ^ clkbuf_0_clk_i/A (BUFx16f_ASAP7_75t_R)
     1    2.78    6.17   18.23   26.27 ^ clkbuf_0_clk_i/Y (BUFx16f_ASAP7_75t_R)
                                         clknet_0_clk_i (net)
                  6.19    0.35   26.62 ^ clkbuf_1_0__f_clk_i/A (BUFx16f_ASAP7_75t_R)
     1    0.60    4.60   12.60   39.22 ^ clkbuf_1_0__f_clk_i/Y (BUFx16f_ASAP7_75t_R)
                                         clknet_1_0__leaf_clk_i (net)
                  4.60    0.05   39.26 ^ _22009_/A (AND2x2_ASAP7_75t_R)
     1    2.78   14.98   19.10   58.36 ^ _22009_/Y (AND2x2_ASAP7_75t_R)
                                         _07791_ (net)
                 15.00    0.35   58.71 ^ clkbuf_0__07791_/A (BUFx16f_ASAP7_75t_R)
     4   18.07   14.52   17.92   76.63 ^ clkbuf_0__07791_/Y (BUFx16f_ASAP7_75t_R)
                                         clknet_0__07791_ (net)
                 19.06    4.18   80.81 ^ clkbuf_2_2__f__07791_/A (BUFx16f_ASAP7_75t_R)
    13   48.29   29.36   23.31  104.11 ^ clkbuf_2_2__f__07791_/Y (BUFx16f_ASAP7_75t_R)
                                         clknet_2_2__leaf__07791_ (net)
                 36.79    7.47  111.58 ^ clkbuf_leaf_4__07791_/A (BUFx24_ASAP7_75t_R)
    17   20.09   15.29   27.11  138.69 ^ clkbuf_leaf_4__07791_/Y (BUFx24_ASAP7_75t_R)
                                         clknet_leaf_4__07791_ (net)
                 18.48    3.61  142.30 ^ if_stage_i.instr_rdata_id_o[17]$_DFFE_PP_/CLK (DFFHQNx2_ASAP7_75t_R)
     3    9.06   42.32   57.26  199.56 ^ if_stage_i.instr_rdata_id_o[17]$_DFFE_PP_/QN (DFFHQNx2_ASAP7_75t_R)
                                         _00118_ (net)
                 42.75    2.41  201.97 ^ rebuffer6217/A (BUFx6f_ASAP7_75t_R)
     2    3.28    8.07   19.09  221.07 ^ rebuffer6217/Y (BUFx6f_ASAP7_75t_R)
                                         net6216 (net)
                  8.57    1.03  222.09 ^ place6035/A (BUFx6f_ASAP7_75t_R)
    29   33.01   40.30   16.30  238.40 ^ place6035/Y (BUFx6f_ASAP7_75t_R)
                                         net6034 (net)
                 77.54   22.08  260.48 ^ _30985_/B (OR2x6_ASAP7_75t_R)
     2    2.63   10.65   35.43  295.91 ^ _30985_/Y (OR2x6_ASAP7_75t_R)
                                         _16697_ (net)
                 10.79    0.60  296.51 ^ place5769/A (BUFx6f_ASAP7_75t_R)
     8   13.27   18.70   14.67  311.18 ^ place5769/Y (BUFx6f_ASAP7_75t_R)
                                         net5768 (net)
                 32.67    8.99  320.17 ^ place5766/A (BUFx3_ASAP7_75t_R)
     1    1.28    6.81   17.88  338.05 ^ place5766/Y (BUFx3_ASAP7_75t_R)
                                         net5765 (net)
                  6.82    0.10  338.14 ^ _17572_/B2 (OAI22x1_ASAP7_75t_R)
     1    0.85   14.35    7.73  345.87 v _17572_/Y (OAI22x1_ASAP7_75t_R)
                                         _03354_ (net)
                 14.35    0.09  345.97 v _17580_/A2 (OA21x2_ASAP7_75t_R)
     1    3.11   12.86   22.04  368.01 v _17580_/Y (OA21x2_ASAP7_75t_R)
                                         _03362_ (net)
                 13.05    0.85  368.86 v _17581_/A (OR4x2_ASAP7_75t_R)
     2    5.79   28.71   43.84  412.70 v _17581_/Y (OR4x2_ASAP7_75t_R)
                                         _03363_ (net)
                 29.52    2.61  415.32 v place5632/A (BUFx6f_ASAP7_75t_R)
     2    2.61    6.50   18.29  433.61 v place5632/Y (BUFx6f_ASAP7_75t_R)
                                         net5631 (net)
                  6.61    0.47  434.08 v _20649_/A (OR2x2_ASAP7_75t_R)
     1    0.54    7.44   18.14  452.22 v _20649_/Y (OR2x2_ASAP7_75t_R)
                                         _06431_ (net)
                  7.44    0.05  452.27 v _20650_/B (OA211x2_ASAP7_75t_R)
     1    1.01   10.86   25.46  477.73 v _20650_/Y (OA211x2_ASAP7_75t_R)
                                         _06432_ (net)
                 10.87    0.08  477.80 v _20651_/C (AOI221x1_ASAP7_75t_R)
     2    2.98   35.62   19.11  496.91 ^ _20651_/Y (AOI221x1_ASAP7_75t_R)
                                         _06433_ (net)
                 35.68    0.85  497.76 ^ _20654_/A1 (OAI21x1_ASAP7_75t_R)
     1    1.05   16.97    9.72  507.48 v _20654_/Y (OAI21x1_ASAP7_75t_R)
                                         _06436_ (net)
                 16.97    0.00  507.48 v alu_adder_result_ex\\ALU_33_0_33_0_33_unused_CO_X_Y[0]_HAN_CARLSON/_533_/B (XOR2x2_ASAP7_75t_R)
     1    1.03    8.52   24.35  531.83 v alu_adder_result_ex\\ALU_33_0_33_0_33_unused_CO_X_Y[0]_HAN_CARLSON/_533_/Y (XOR2x2_ASAP7_75t_R)
                                         alu_adder_result_ex\\ALU_33_0_33_0_33_unused_CO_X_Y[0]_HAN_CARLSON/_230_ (net)
                  8.53    0.08  531.91 v alu_adder_result_ex\\ALU_33_0_33_0_33_unused_CO_X_Y[0]_HAN_CARLSON/_341_/B (HAxp5_ASAP7_75t_R)
     2    2.04   30.59   17.55  549.47 ^ alu_adder_result_ex\\ALU_33_0_33_0_33_unused_CO_X_Y[0]_HAN_CARLSON/_341_/CON (HAxp5_ASAP7_75t_R)
                                         alu_adder_result_ex\\ALU_33_0_33_0_33_unused_CO_X_Y[0]_HAN_CARLSON/_054_ (net)
     2    1.37   30.31   16.31  565.78 v alu_adder_result_ex\\ALU_33_0_33_0_33_unused_CO_X_Y[0]_HAN_CARLSON/_341_/SN (HAxp5_ASAP7_75t_R)
                                         alu_adder_result_ex\\ALU_33_0_33_0_33_unused_CO_X_Y[0]_HAN_CARLSON/_055_ (net)
                 30.31    0.09  565.87 v alu_adder_result_ex\\ALU_33_0_33_0_33_unused_CO_X_Y[0]_HAN_CARLSON/place5327/A (BUFx3_ASAP7_75t_R)
     4    4.14   11.61   21.79  587.66 v alu_adder_result_ex\\ALU_33_0_33_0_33_unused_CO_X_Y[0]_HAN_CARLSON/place5327/Y (BUFx3_ASAP7_75t_R)
                                         alu_adder_result_ex\\ALU_33_0_33_0_33_unused_CO_X_Y[0]_HAN_CARLSON/net5326 (net)
                 11.83    0.87  588.54 v alu_adder_result_ex\\ALU_33_0_33_0_33_unused_CO_X_Y[0]_HAN_CARLSON/_587_/B (OR4x1_ASAP7_75t_R)
     2    2.32   21.10   36.14  624.67 v alu_adder_result_ex\\ALU_33_0_33_0_33_unused_CO_X_Y[0]_HAN_CARLSON/_587_/Y (OR4x1_ASAP7_75t_R)
                                         alu_adder_result_ex\\ALU_33_0_33_0_33_unused_CO_X_Y[0]_HAN_CARLSON/_279_ (net)
                 21.13    0.44  625.11 v alu_adder_result_ex\\ALU_33_0_33_0_33_unused_CO_X_Y[0]_HAN_CARLSON/_616_/B (NOR2x1_ASAP7_75t_R)
     1    0.62   12.25   10.33  635.44 ^ alu_adder_result_ex\\ALU_33_0_33_0_33_unused_CO_X_Y[0]_HAN_CARLSON/_616_/Y (NOR2x1_ASAP7_75t_R)
                                         alu_adder_result_ex\\ALU_33_0_33_0_33_unused_CO_X_Y[0]_HAN_CARLSON/_304_ (net)
                 12.25    0.05  635.49 ^ alu_adder_result_ex\\ALU_33_0_33_0_33_unused_CO_X_Y[0]_HAN_CARLSON/_617_/B2 (AO221x1_ASAP7_75t_R)
     2    2.00   17.30   22.28  657.77 ^ alu_adder_result_ex\\ALU_33_0_33_0_33_unused_CO_X_Y[0]_HAN_CARLSON/_617_/Y (AO221x1_ASAP7_75t_R)
                                         alu_adder_result_ex\\ALU_33_0_33_0_33_unused_CO_X_Y[0]_HAN_CARLSON/_305_ (net)
                 17.31    0.29  658.06 ^ alu_adder_result_ex\\ALU_33_0_33_0_33_unused_CO_X_Y[0]_HAN_CARLSON/_618_/A (INVx1_ASAP7_75t_R)
     1    0.67    7.71    6.83  664.89 v alu_adder_result_ex\\ALU_33_0_33_0_33_unused_CO_X_Y[0]_HAN_CARLSON/_618_/Y (INVx1_ASAP7_75t_R)
                                         alu_adder_result_ex\\ALU_33_0_33_0_33_unused_CO_X_Y[0]_HAN_CARLSON/_306_ (net)
                  7.71    0.05  664.94 v alu_adder_result_ex\\ALU_33_0_33_0_33_unused_CO_X_Y[0]_HAN_CARLSON/_408_/A (OR3x1_ASAP7_75t_R)
     2    2.33   19.10   27.53  692.47 v alu_adder_result_ex\\ALU_33_0_33_0_33_unused_CO_X_Y[0]_HAN_CARLSON/_408_/Y (OR3x1_ASAP7_75t_R)
                                         alu_adder_result_ex\\ALU_33_0_33_0_33_unused_CO_X_Y[0]_HAN_CARLSON/_120_ (net)
                 19.11    0.23  692.71 v alu_adder_result_ex\\ALU_33_0_33_0_33_unused_CO_X_Y[0]_HAN_CARLSON/_409_/B (NAND2x1_ASAP7_75t_R)
     1    1.43   15.64   14.08  706.79 ^ alu_adder_result_ex\\ALU_33_0_33_0_33_unused_CO_X_Y[0]_HAN_CARLSON/_409_/Y (NAND2x1_ASAP7_75t_R)
                                         alu_adder_result_ex\\ALU_33_0_33_0_33_unused_CO_X_Y[0]_HAN_CARLSON/_121_ (net)
                 15.65    0.25  707.04 ^ alu_adder_result_ex\\ALU_33_0_33_0_33_unused_CO_X_Y[0]_HAN_CARLSON/_410_/B (XNOR2x2_ASAP7_75t_R)
     2    1.94   11.25   32.29  739.32 v alu_adder_result_ex\\ALU_33_0_33_0_33_unused_CO_X_Y[0]_HAN_CARLSON/_410_/Y (XNOR2x2_ASAP7_75t_R)
                                         net1839 (net)
                 11.25    0.00  739.32 v place5198/A (BUFx6f_ASAP7_75t_R)
     2    5.96    9.44   14.64  753.96 v place5198/Y (BUFx6f_ASAP7_75t_R)
                                         net5197 (net)
                 11.18    2.11  756.06 v _21224_/A1 (OA211x2_ASAP7_75t_R)
     1    1.03   12.06   22.82  778.89 v _21224_/Y (OA211x2_ASAP7_75t_R)
                                         _07006_ (net)
                 12.07    0.08  778.97 v _21228_/B (AOI211x1_ASAP7_75t_R)
     2    4.61   54.86   24.77  803.74 ^ _21228_/Y (AOI211x1_ASAP7_75t_R)
                                         _07010_ (net)
                 55.34    2.90  806.64 ^ _21300_/B (AND2x2_ASAP7_75t_R)
     2    2.06   13.96   28.98  835.61 ^ _21300_/Y (AND2x2_ASAP7_75t_R)
                                         _07082_ (net)
                 13.96    0.16  835.77 ^ _21301_/B (AOI21x1_ASAP7_75t_R)
     2    2.72   31.06   11.35  847.12 v _21301_/Y (AOI21x1_ASAP7_75t_R)
                                         _07083_ (net)
                 31.15    0.92  848.04 v _23113_/A2 (AO21x1_ASAP7_75t_R)
     2    1.45   12.96   21.76  869.80 v _23113_/Y (AO21x1_ASAP7_75t_R)
                                         net1907 (net)
                 12.96    0.11  869.91 v output1908/A (BUFx3_ASAP7_75t_R)
     1    0.21    4.04   13.32  883.23 v output1908/Y (BUFx3_ASAP7_75t_R)
                                         instr_addr_o[18] (net)
                  4.04    0.01  883.24 v instr_addr_o[18] (out)
                                883.24   data arrival time

                       1000.00 1000.00   clock core_clock (rise edge)
                          0.00 1000.00   clock network delay (propagated)
                          0.00 1000.00   clock reconvergence pessimism
                       -200.00  800.00   output external delay
                                800.00   data required time
-----------------------------------------------------------------------------
                                800.00   data required time
                               -883.24   data arrival time
-----------------------------------------------------------------------------
                                -83.24   slack (VIOLATED)



==========================================================================
finish report_checks -unconstrained
--------------------------------------------------------------------------
Startpoint: rst_ni (input port clocked by core_clock)
Endpoint: load_store_unit_i.data_type_q[0]$_DFF_PN1_
          (recovery check against rising-edge clock core_clock)
Path Group: asynchronous
Path Type: max

Fanout     Cap    Slew   Delay    Time   Description
-----------------------------------------------------------------------------
                          0.00    0.00   clock core_clock (rise edge)
                          0.00    0.00   clock network delay (propagated)
                        200.00  200.00 ^ input external delay
     1    3.42    0.00    0.00  200.00 ^ rst_ni (in)
                                         rst_ni (net)
                  2.98    0.94  200.94 ^ input1829/A (BUFx8_ASAP7_75t_R)
     7   19.98   23.74   19.03  219.97 ^ input1829/Y (BUFx8_ASAP7_75t_R)
                                         net1828 (net)
                 27.78    4.83  224.80 ^ place6154/A (BUFx6f_ASAP7_75t_R)
    15   18.23   25.49   19.12  243.92 ^ place6154/Y (BUFx6f_ASAP7_75t_R)
                                         net6153 (net)
                 41.51   11.14  255.06 ^ load_slew6796/A (BUFx16f_ASAP7_75t_R)
    60   58.57   27.08   23.86  278.92 ^ load_slew6796/Y (BUFx16f_ASAP7_75t_R)
                                         net6795 (net)
                120.07   37.75  316.67 ^ place6148/A (BUFx3_ASAP7_75t_R)
    53   53.26  126.79   52.40  369.07 ^ place6148/Y (BUFx3_ASAP7_75t_R)
                                         net6147 (net)
                148.59   27.45  396.52 ^ place6147/A (BUFx3_ASAP7_75t_R)
    36   46.38  102.76   40.10  436.62 ^ place6147/Y (BUFx3_ASAP7_75t_R)
                                         net6146 (net)
                262.84   79.95  516.57 ^ load_store_unit_i.data_type_q[0]$_DFF_PN1_/SETN (DFFASRHQNx1_ASAP7_75t_R)
                                516.57   data arrival time

                       1000.00 1000.00   clock core_clock (rise edge)
                          0.00 1000.00   clock source latency
     2   12.95    0.00    0.00 1000.00 ^ clk_i (in)
                                         clk_i (net)
                 23.14    7.30 1007.30 ^ clkbuf_0_clk_i/A (BUFx16f_ASAP7_75t_R)
     1    2.12    5.77   17.61 1024.91 ^ clkbuf_0_clk_i/Y (BUFx16f_ASAP7_75t_R)
                                         clknet_0_clk_i (net)
                  5.78    0.26 1025.17 ^ clkbuf_1_0__f_clk_i/A (BUFx16f_ASAP7_75t_R)
     1    0.48    4.54   12.44 1037.61 ^ clkbuf_1_0__f_clk_i/Y (BUFx16f_ASAP7_75t_R)
                                         clknet_1_0__leaf_clk_i (net)
                  4.54    0.04 1037.65 ^ _22009_/A (AND2x2_ASAP7_75t_R)
     1    2.12   12.10   17.82 1055.47 ^ _22009_/Y (AND2x2_ASAP7_75t_R)
                                         _07791_ (net)
                 12.12    0.26 1055.73 ^ clkbuf_0__07791_/A (BUFx16f_ASAP7_75t_R)
     4   15.44   12.87   16.80 1072.54 ^ clkbuf_0__07791_/Y (BUFx16f_ASAP7_75t_R)
                                         clknet_0__07791_ (net)
                 15.03    2.71 1075.25 ^ clkbuf_2_0__f__07791_/A (BUFx16f_ASAP7_75t_R)
     9   32.39   21.55   20.60 1095.84 ^ clkbuf_2_0__f__07791_/Y (BUFx16f_ASAP7_75t_R)
                                         clknet_2_0__leaf__07791_ (net)
                 26.26    5.20 1101.04 ^ clkbuf_leaf_44__07791_/A (BUFx24_ASAP7_75t_R)
    16   11.92   10.91   23.64 1124.68 ^ clkbuf_leaf_44__07791_/Y (BUFx24_ASAP7_75t_R)
                                         clknet_leaf_44__07791_ (net)
                 11.12    0.45 1125.13 ^ load_store_unit_i.data_type_q[0]$_DFF_PN1_/CLK (DFFASRHQNx1_ASAP7_75t_R)
                          0.00 1125.13   clock reconvergence pessimism
                        -24.04 1101.09   library recovery time
                               1101.09   data required time
-----------------------------------------------------------------------------
                               1101.09   data required time
                               -516.57   data arrival time
-----------------------------------------------------------------------------
                                584.52   slack (MET)


Startpoint: core_clock_gate_i.en_latch$_DLATCH_N_
            (negative level-sensitive latch clocked by core_clock)
Endpoint: _22009_ (rising clock gating-check end-point clocked by core_clock)
Path Group: gated clock
Path Type: max

Fanout     Cap    Slew   Delay    Time   Description
-----------------------------------------------------------------------------
                        500.00  500.00   clock core_clock (fall edge)
                          0.00  500.00   clock source latency
     2   14.27    0.00    0.00  500.00 v clk_i (in)
                                         clk_i (net)
                  7.10    2.24  502.24 v delaybuf_0_core_clock/A (BUFx16f_ASAP7_75t_R)
     1    3.83    5.85   14.25  516.48 v delaybuf_0_core_clock/Y (BUFx16f_ASAP7_75t_R)
                                         delaynet_0_core_clock (net)
                  6.54    1.06  517.54 v delaybuf_1_core_clock/A (BUFx16f_ASAP7_75t_R)
     1    3.91    5.88   14.07  531.61 v delaybuf_1_core_clock/Y (BUFx16f_ASAP7_75t_R)
                                         delaynet_1_core_clock (net)
                  6.58    1.06  532.67 v delaybuf_2_core_clock/A (BUFx16f_ASAP7_75t_R)
     1    3.86    5.86   14.08  546.75 v delaybuf_2_core_clock/Y (BUFx16f_ASAP7_75t_R)
                                         delaynet_2_core_clock (net)
                  6.52    1.03  547.78 v clkbuf_regs_0_core_clock/A (BUFx16f_ASAP7_75t_R)
     1    3.70    5.81   14.04  561.82 v clkbuf_regs_0_core_clock/Y (BUFx16f_ASAP7_75t_R)
                                         clk_i_regs (net)
                  6.33    0.92  562.74 v clkbuf_0_clk_i_regs/A (BUFx16f_ASAP7_75t_R)
     4   16.49   12.70   15.70  578.45 v clkbuf_0_clk_i_regs/Y (BUFx16f_ASAP7_75t_R)
                                         clknet_0_clk_i_regs (net)
                 15.45    3.03  581.48 v clkbuf_2_3__f_clk_i_regs/A (BUFx16f_ASAP7_75t_R)
    12   45.20   26.18   23.43  604.91 v clkbuf_2_3__f_clk_i_regs/Y (BUFx16f_ASAP7_75t_R)
                                         clknet_2_3__leaf_clk_i_regs (net)
                 29.98    5.21  610.12 v clkbuf_leaf_32_clk_i_regs/A (BUFx24_ASAP7_75t_R)
     9   19.38   13.77   27.33  637.45 v clkbuf_leaf_32_clk_i_regs/Y (BUFx24_ASAP7_75t_R)
                                         clknet_leaf_32_clk_i_regs (net)
                 18.29    4.18  641.64 v core_clock_gate_i.en_latch$_DLATCH_N_/CLK (DLLx1_ASAP7_75t_R)
     1    4.85   30.56   43.79  685.42 v core_clock_gate_i.en_latch$_DLATCH_N_/Q (DLLx1_ASAP7_75t_R)
                                         core_clock_gate_i.en_latch (net)
                 31.22    2.48  687.90 v _22009_/B (AND2x2_ASAP7_75t_R)
                                687.90   data arrival time

                       1000.00 1000.00   clock core_clock (rise edge)
                          0.00 1000.00   clock source latency
     2   12.95    0.00    0.00 1000.00 ^ clk_i (in)
                                         clk_i (net)
                 23.14    7.30 1007.30 ^ clkbuf_0_clk_i/A (BUFx16f_ASAP7_75t_R)
     1    2.12    5.77   17.61 1024.91 ^ clkbuf_0_clk_i/Y (BUFx16f_ASAP7_75t_R)
                                         clknet_0_clk_i (net)
                  5.78    0.26 1025.17 ^ clkbuf_1_0__f_clk_i/A (BUFx16f_ASAP7_75t_R)
     1    0.48    4.54   12.44 1037.61 ^ clkbuf_1_0__f_clk_i/Y (BUFx16f_ASAP7_75t_R)
                                         clknet_1_0__leaf_clk_i (net)
                  4.54    0.04 1037.65 ^ _22009_/A (AND2x2_ASAP7_75t_R)
                          0.00 1037.65   clock reconvergence pessimism
                          0.00 1037.65   clock gating setup time
                               1037.65   data required time
-----------------------------------------------------------------------------
                               1037.65   data required time
                               -687.90   data arrival time
-----------------------------------------------------------------------------
                                349.76   slack (MET)


Startpoint: if_stage_i.instr_rdata_id_o[17]$_DFFE_PP_
            (rising edge-triggered flip-flop clocked by core_clock)
Endpoint: instr_addr_o[18] (output port clocked by core_clock)
Path Group: core_clock
Path Type: max

Fanout     Cap    Slew   Delay    Time   Description
-----------------------------------------------------------------------------
                          0.00    0.00   clock core_clock (rise edge)
                          0.00    0.00   clock source latency
     2   14.27    0.00    0.00    0.00 ^ clk_i (in)
                                         clk_i (net)
                 25.50    8.05    8.05 ^ clkbuf_0_clk_i/A (BUFx16f_ASAP7_75t_R)
     1    2.78    6.17   18.23   26.27 ^ clkbuf_0_clk_i/Y (BUFx16f_ASAP7_75t_R)
                                         clknet_0_clk_i (net)
                  6.19    0.35   26.62 ^ clkbuf_1_0__f_clk_i/A (BUFx16f_ASAP7_75t_R)
     1    0.60    4.60   12.60   39.22 ^ clkbuf_1_0__f_clk_i/Y (BUFx16f_ASAP7_75t_R)
                                         clknet_1_0__leaf_clk_i (net)
                  4.60    0.05   39.26 ^ _22009_/A (AND2x2_ASAP7_75t_R)
     1    2.78   14.98   19.10   58.36 ^ _22009_/Y (AND2x2_ASAP7_75t_R)
                                         _07791_ (net)
                 15.00    0.35   58.71 ^ clkbuf_0__07791_/A (BUFx16f_ASAP7_75t_R)
     4   18.07   14.52   17.92   76.63 ^ clkbuf_0__07791_/Y (BUFx16f_ASAP7_75t_R)
                                         clknet_0__07791_ (net)
                 19.06    4.18   80.81 ^ clkbuf_2_2__f__07791_/A (BUFx16f_ASAP7_75t_R)
    13   48.29   29.36   23.31  104.11 ^ clkbuf_2_2__f__07791_/Y (BUFx16f_ASAP7_75t_R)
                                         clknet_2_2__leaf__07791_ (net)
                 36.79    7.47  111.58 ^ clkbuf_leaf_4__07791_/A (BUFx24_ASAP7_75t_R)
    17   20.09   15.29   27.11  138.69 ^ clkbuf_leaf_4__07791_/Y (BUFx24_ASAP7_75t_R)
                                         clknet_leaf_4__07791_ (net)
                 18.48    3.61  142.30 ^ if_stage_i.instr_rdata_id_o[17]$_DFFE_PP_/CLK (DFFHQNx2_ASAP7_75t_R)
     3    9.06   42.32   57.26  199.56 ^ if_stage_i.instr_rdata_id_o[17]$_DFFE_PP_/QN (DFFHQNx2_ASAP7_75t_R)
                                         _00118_ (net)
                 42.75    2.41  201.97 ^ rebuffer6217/A (BUFx6f_ASAP7_75t_R)
     2    3.28    8.07   19.09  221.07 ^ rebuffer6217/Y (BUFx6f_ASAP7_75t_R)
                                         net6216 (net)
                  8.57    1.03  222.09 ^ place6035/A (BUFx6f_ASAP7_75t_R)
    29   33.01   40.30   16.30  238.40 ^ place6035/Y (BUFx6f_ASAP7_75t_R)
                                         net6034 (net)
                 77.54   22.08  260.48 ^ _30985_/B (OR2x6_ASAP7_75t_R)
     2    2.63   10.65   35.43  295.91 ^ _30985_/Y (OR2x6_ASAP7_75t_R)
                                         _16697_ (net)
                 10.79    0.60  296.51 ^ place5769/A (BUFx6f_ASAP7_75t_R)
     8   13.27   18.70   14.67  311.18 ^ place5769/Y (BUFx6f_ASAP7_75t_R)
                                         net5768 (net)
                 32.67    8.99  320.17 ^ place5766/A (BUFx3_ASAP7_75t_R)
     1    1.28    6.81   17.88  338.05 ^ place5766/Y (BUFx3_ASAP7_75t_R)
                                         net5765 (net)
                  6.82    0.10  338.14 ^ _17572_/B2 (OAI22x1_ASAP7_75t_R)
     1    0.85   14.35    7.73  345.87 v _17572_/Y (OAI22x1_ASAP7_75t_R)
                                         _03354_ (net)
                 14.35    0.09  345.97 v _17580_/A2 (OA21x2_ASAP7_75t_R)
     1    3.11   12.86   22.04  368.01 v _17580_/Y (OA21x2_ASAP7_75t_R)
                                         _03362_ (net)
                 13.05    0.85  368.86 v _17581_/A (OR4x2_ASAP7_75t_R)
     2    5.79   28.71   43.84  412.70 v _17581_/Y (OR4x2_ASAP7_75t_R)
                                         _03363_ (net)
                 29.52    2.61  415.32 v place5632/A (BUFx6f_ASAP7_75t_R)
     2    2.61    6.50   18.29  433.61 v place5632/Y (BUFx6f_ASAP7_75t_R)
                                         net5631 (net)
                  6.61    0.47  434.08 v _20649_/A (OR2x2_ASAP7_75t_R)
     1    0.54    7.44   18.14  452.22 v _20649_/Y (OR2x2_ASAP7_75t_R)
                                         _06431_ (net)
                  7.44    0.05  452.27 v _20650_/B (OA211x2_ASAP7_75t_R)
     1    1.01   10.86   25.46  477.73 v _20650_/Y (OA211x2_ASAP7_75t_R)
                                         _06432_ (net)
                 10.87    0.08  477.80 v _20651_/C (AOI221x1_ASAP7_75t_R)
     2    2.98   35.62   19.11  496.91 ^ _20651_/Y (AOI221x1_ASAP7_75t_R)
                                         _06433_ (net)
                 35.68    0.85  497.76 ^ _20654_/A1 (OAI21x1_ASAP7_75t_R)
     1    1.05   16.97    9.72  507.48 v _20654_/Y (OAI21x1_ASAP7_75t_R)
                                         _06436_ (net)
                 16.97    0.00  507.48 v alu_adder_result_ex\\ALU_33_0_33_0_33_unused_CO_X_Y[0]_HAN_CARLSON/_533_/B (XOR2x2_ASAP7_75t_R)
     1    1.03    8.52   24.35  531.83 v alu_adder_result_ex\\ALU_33_0_33_0_33_unused_CO_X_Y[0]_HAN_CARLSON/_533_/Y (XOR2x2_ASAP7_75t_R)
                                         alu_adder_result_ex\\ALU_33_0_33_0_33_unused_CO_X_Y[0]_HAN_CARLSON/_230_ (net)
                  8.53    0.08  531.91 v alu_adder_result_ex\\ALU_33_0_33_0_33_unused_CO_X_Y[0]_HAN_CARLSON/_341_/B (HAxp5_ASAP7_75t_R)
     2    2.04   30.59   17.55  549.47 ^ alu_adder_result_ex\\ALU_33_0_33_0_33_unused_CO_X_Y[0]_HAN_CARLSON/_341_/CON (HAxp5_ASAP7_75t_R)
                                         alu_adder_result_ex\\ALU_33_0_33_0_33_unused_CO_X_Y[0]_HAN_CARLSON/_054_ (net)
     2    1.37   30.31   16.31  565.78 v alu_adder_result_ex\\ALU_33_0_33_0_33_unused_CO_X_Y[0]_HAN_CARLSON/_341_/SN (HAxp5_ASAP7_75t_R)
                                         alu_adder_result_ex\\ALU_33_0_33_0_33_unused_CO_X_Y[0]_HAN_CARLSON/_055_ (net)
                 30.31    0.09  565.87 v alu_adder_result_ex\\ALU_33_0_33_0_33_unused_CO_X_Y[0]_HAN_CARLSON/place5327/A (BUFx3_ASAP7_75t_R)
     4    4.14   11.61   21.79  587.66 v alu_adder_result_ex\\ALU_33_0_33_0_33_unused_CO_X_Y[0]_HAN_CARLSON/place5327/Y (BUFx3_ASAP7_75t_R)
                                         alu_adder_result_ex\\ALU_33_0_33_0_33_unused_CO_X_Y[0]_HAN_CARLSON/net5326 (net)
                 11.83    0.87  588.54 v alu_adder_result_ex\\ALU_33_0_33_0_33_unused_CO_X_Y[0]_HAN_CARLSON/_587_/B (OR4x1_ASAP7_75t_R)
     2    2.32   21.10   36.14  624.67 v alu_adder_result_ex\\ALU_33_0_33_0_33_unused_CO_X_Y[0]_HAN_CARLSON/_587_/Y (OR4x1_ASAP7_75t_R)
                                         alu_adder_result_ex\\ALU_33_0_33_0_33_unused_CO_X_Y[0]_HAN_CARLSON/_279_ (net)
                 21.13    0.44  625.11 v alu_adder_result_ex\\ALU_33_0_33_0_33_unused_CO_X_Y[0]_HAN_CARLSON/_616_/B (NOR2x1_ASAP7_75t_R)
     1    0.62   12.25   10.33  635.44 ^ alu_adder_result_ex\\ALU_33_0_33_0_33_unused_CO_X_Y[0]_HAN_CARLSON/_616_/Y (NOR2x1_ASAP7_75t_R)
                                         alu_adder_result_ex\\ALU_33_0_33_0_33_unused_CO_X_Y[0]_HAN_CARLSON/_304_ (net)
                 12.25    0.05  635.49 ^ alu_adder_result_ex\\ALU_33_0_33_0_33_unused_CO_X_Y[0]_HAN_CARLSON/_617_/B2 (AO221x1_ASAP7_75t_R)
     2    2.00   17.30   22.28  657.77 ^ alu_adder_result_ex\\ALU_33_0_33_0_33_unused_CO_X_Y[0]_HAN_CARLSON/_617_/Y (AO221x1_ASAP7_75t_R)
                                         alu_adder_result_ex\\ALU_33_0_33_0_33_unused_CO_X_Y[0]_HAN_CARLSON/_305_ (net)
                 17.31    0.29  658.06 ^ alu_adder_result_ex\\ALU_33_0_33_0_33_unused_CO_X_Y[0]_HAN_CARLSON/_618_/A (INVx1_ASAP7_75t_R)
     1    0.67    7.71    6.83  664.89 v alu_adder_result_ex\\ALU_33_0_33_0_33_unused_CO_X_Y[0]_HAN_CARLSON/_618_/Y (INVx1_ASAP7_75t_R)
                                         alu_adder_result_ex\\ALU_33_0_33_0_33_unused_CO_X_Y[0]_HAN_CARLSON/_306_ (net)
                  7.71    0.05  664.94 v alu_adder_result_ex\\ALU_33_0_33_0_33_unused_CO_X_Y[0]_HAN_CARLSON/_408_/A (OR3x1_ASAP7_75t_R)
     2    2.33   19.10   27.53  692.47 v alu_adder_result_ex\\ALU_33_0_33_0_33_unused_CO_X_Y[0]_HAN_CARLSON/_408_/Y (OR3x1_ASAP7_75t_R)
                                         alu_adder_result_ex\\ALU_33_0_33_0_33_unused_CO_X_Y[0]_HAN_CARLSON/_120_ (net)
                 19.11    0.23  692.71 v alu_adder_result_ex\\ALU_33_0_33_0_33_unused_CO_X_Y[0]_HAN_CARLSON/_409_/B (NAND2x1_ASAP7_75t_R)
     1    1.43   15.64   14.08  706.79 ^ alu_adder_result_ex\\ALU_33_0_33_0_33_unused_CO_X_Y[0]_HAN_CARLSON/_409_/Y (NAND2x1_ASAP7_75t_R)
                                         alu_adder_result_ex\\ALU_33_0_33_0_33_unused_CO_X_Y[0]_HAN_CARLSON/_121_ (net)
                 15.65    0.25  707.04 ^ alu_adder_result_ex\\ALU_33_0_33_0_33_unused_CO_X_Y[0]_HAN_CARLSON/_410_/B (XNOR2x2_ASAP7_75t_R)
     2    1.94   11.25   32.29  739.32 v alu_adder_result_ex\\ALU_33_0_33_0_33_unused_CO_X_Y[0]_HAN_CARLSON/_410_/Y (XNOR2x2_ASAP7_75t_R)
                                         net1839 (net)
                 11.25    0.00  739.32 v place5198/A (BUFx6f_ASAP7_75t_R)
     2    5.96    9.44   14.64  753.96 v place5198/Y (BUFx6f_ASAP7_75t_R)
                                         net5197 (net)
                 11.18    2.11  756.06 v _21224_/A1 (OA211x2_ASAP7_75t_R)
     1    1.03   12.06   22.82  778.89 v _21224_/Y (OA211x2_ASAP7_75t_R)
                                         _07006_ (net)
                 12.07    0.08  778.97 v _21228_/B (AOI211x1_ASAP7_75t_R)
     2    4.61   54.86   24.77  803.74 ^ _21228_/Y (AOI211x1_ASAP7_75t_R)
                                         _07010_ (net)
                 55.34    2.90  806.64 ^ _21300_/B (AND2x2_ASAP7_75t_R)
     2    2.06   13.96   28.98  835.61 ^ _21300_/Y (AND2x2_ASAP7_75t_R)
                                         _07082_ (net)
                 13.96    0.16  835.77 ^ _21301_/B (AOI21x1_ASAP7_75t_R)
     2    2.72   31.06   11.35  847.12 v _21301_/Y (AOI21x1_ASAP7_75t_R)
                                         _07083_ (net)
                 31.15    0.92  848.04 v _23113_/A2 (AO21x1_ASAP7_75t_R)
     2    1.45   12.96   21.76  869.80 v _23113_/Y (AO21x1_ASAP7_75t_R)
                                         net1907 (net)
                 12.96    0.11  869.91 v output1908/A (BUFx3_ASAP7_75t_R)
     1    0.21    4.04   13.32  883.23 v output1908/Y (BUFx3_ASAP7_75t_R)
                                         instr_addr_o[18] (net)
                  4.04    0.01  883.24 v instr_addr_o[18] (out)
                                883.24   data arrival time

                       1000.00 1000.00   clock core_clock (rise edge)
                          0.00 1000.00   clock network delay (propagated)
                          0.00 1000.00   clock reconvergence pessimism
                       -200.00  800.00   output external delay
                                800.00   data required time
-----------------------------------------------------------------------------
                                800.00   data required time
                               -883.24   data arrival time
-----------------------------------------------------------------------------
                                -83.24   slack (VIOLATED)



==========================================================================
finish report_check_types -max_slew -max_cap -max_fanout -violators
--------------------------------------------------------------------------

==========================================================================
finish max_slew_check_slack
--------------------------------------------------------------------------
2.530836582183838

==========================================================================
finish max_slew_check_limit
--------------------------------------------------------------------------
320.0

==========================================================================
finish max_slew_check_slack_limit
--------------------------------------------------------------------------
0.0079

==========================================================================
finish max_fanout_check_slack
--------------------------------------------------------------------------
1.0000000150474662e+30

==========================================================================
finish max_fanout_check_limit
--------------------------------------------------------------------------
1.0000000150474662e+30

==========================================================================
finish max_capacitance_check_slack
--------------------------------------------------------------------------
1.3569687604904175

==========================================================================
finish max_capacitance_check_limit
--------------------------------------------------------------------------
23.040000915527344

==========================================================================
finish max_capacitance_check_slack_limit
--------------------------------------------------------------------------
0.0589

==========================================================================
finish max_slew_violation_count
--------------------------------------------------------------------------
max slew violation count 0

==========================================================================
finish max_fanout_violation_count
--------------------------------------------------------------------------
max fanout violation count 0

==========================================================================
finish max_cap_violation_count
--------------------------------------------------------------------------
max cap violation count 0

==========================================================================
finish setup_violation_count
--------------------------------------------------------------------------
setup violation count 1032

==========================================================================
finish hold_violation_count
--------------------------------------------------------------------------
hold violation count 0

==========================================================================
finish report_checks -path_delay max reg to reg
--------------------------------------------------------------------------
Startpoint: if_stage_i.instr_rdata_id_o[15]$_DFFE_PP_
            (rising edge-triggered flip-flop clocked by core_clock)
Endpoint: gen_regfile_ff.register_file_i.rf_reg[957]$_DFFE_PN0P_
          (rising edge-triggered flip-flop clocked by core_clock)
Path Group: core_clock
Path Type: max

  Delay    Time   Description
---------------------------------------------------------
   0.00    0.00   clock core_clock (rise edge)
   0.00    0.00   clock source latency
   0.00    0.00 ^ clk_i (in)
  26.27   26.27 ^ clkbuf_0_clk_i/Y (BUFx16f_ASAP7_75t_R)
  12.94   39.22 ^ clkbuf_1_0__f_clk_i/Y (BUFx16f_ASAP7_75t_R)
  19.15   58.36 ^ _22009_/Y (AND2x2_ASAP7_75t_R)
  18.26   76.63 ^ clkbuf_0__07791_/Y (BUFx16f_ASAP7_75t_R)
  27.49  104.11 ^ clkbuf_2_2__f__07791_/Y (BUFx16f_ASAP7_75t_R)
  34.03  138.14 ^ clkbuf_leaf_5__07791_/Y (BUFx24_ASAP7_75t_R)
   3.85  141.99 ^ if_stage_i.instr_rdata_id_o[15]$_DFFE_PP_/CLK (DFFHQNx3_ASAP7_75t_R)
  54.02  196.01 ^ if_stage_i.instr_rdata_id_o[15]$_DFFE_PP_/QN (DFFHQNx3_ASAP7_75t_R)
  20.22  216.23 ^ rebuffer6208/Y (BUFx6f_ASAP7_75t_R)
  19.63  235.86 ^ place6065/Y (BUFx6f_ASAP7_75t_R)
  16.91  252.78 ^ place6064/Y (BUFx6f_ASAP7_75t_R)
  18.79  271.57 ^ place6061/Y (BUFx10_ASAP7_75t_R)
  46.78  318.35 ^ _20060_/Y (AND2x2_ASAP7_75t_R)
  12.88  331.23 ^ _20061_/Y (AO21x1_ASAP7_75t_R)
   9.28  340.51 v _20062_/Y (OAI22x1_ASAP7_75t_R)
  24.20  364.71 v _20063_/Y (OA21x2_ASAP7_75t_R)
  55.84  420.55 v _20064_/Y (OR5x1_ASAP7_75t_R)
  38.07  458.62 v _21421_/Y (AO22x2_ASAP7_75t_R)
  35.58  494.21 v place5475/Y (BUFx3_ASAP7_75t_R)
  18.79  513.00 v _21451_/Y (AND2x2_ASAP7_75t_R)
  34.34  547.33 v _17163_/SN (FAx1_ASAP7_75t_R)
  15.02  562.35 ^ _25781_/Y (INVx1_ASAP7_75t_R)
  38.03  600.38 v _17095_/SN (FAx1_ASAP7_75t_R)
  14.75  615.13 ^ _25788_/Y (INVx1_ASAP7_75t_R)
  35.05  650.17 v _17018_/SN (FAx1_ASAP7_75t_R)
  13.80  663.97 ^ _25795_/Y (INVx1_ASAP7_75t_R)
  37.06  701.03 v _16918_/SN (FAx1_ASAP7_75t_R)
  15.27  716.30 ^ _25797_/Y (INVx1_ASAP7_75t_R)
  40.84  757.14 v _16897_/SN (FAx1_ASAP7_75t_R)
  14.70  771.84 ^ _25830_/Y (INVx1_ASAP7_75t_R)
  38.81  810.65 ^ _16873_/SN (FAx1_ASAP7_75t_R)
  11.00  821.64 v _25836_/Y (INVx1_ASAP7_75t_R)
  19.73  841.37 ^ _17488_/_297_/CON (HAxp5_ASAP7_75t_R)
  12.75  854.12 v _17488_/_297_/SN (HAxp5_ASAP7_75t_R)
  19.04  873.16 v _17488_/rebuffer6190/Y (BUFx3_ASAP7_75t_R)
  23.40  896.55 v _17488_/_622_/Y (OR2x2_ASAP7_75t_R)
  22.09  918.64 v _17488_/_623_/Y (OR2x2_ASAP7_75t_R)
  13.36  932.00 v _17488_/place5019/Y (BUFx6f_ASAP7_75t_R)
   7.05  939.05 ^ _17488_/_624_/Y (NOR2x1_ASAP7_75t_R)
  16.53  955.58 ^ _17488_/_628_/Y (AO21x1_ASAP7_75t_R)
  12.66  968.24 v _17488_/_363_/Y (AOI21x1_ASAP7_75t_R)
  12.85  981.08 ^ _17488_/_424_/Y (OAI21x1_ASAP7_75t_R)
  29.00 1010.08 v _17488_/_507_/Y (XNOR2x2_ASAP7_75t_R)
  20.11 1030.19 v _23860_/Y (AO22x1_ASAP7_75t_R)
  20.57 1050.76 ^ _23861_/Y (NAND2x1_ASAP7_75t_R)
  44.17 1094.93 ^ _25253_/Y (AND5x1_ASAP7_75t_R)
  13.52 1108.44 v _25258_/Y (AOI22x1_ASAP7_75t_R)
  17.73 1126.17 v rebuffer6595/Y (BUFx6f_ASAP7_75t_R)
  30.02 1156.20 v place4884/Y (BUFx6f_ASAP7_75t_R)
  27.78 1183.97 v _26260_/Y (AO21x1_ASAP7_75t_R)
   0.05 1184.02 v gen_regfile_ff.register_file_i.rf_reg[957]$_DFFE_PN0P_/D (DFFASRHQNx1_ASAP7_75t_R)
        1184.02   data arrival time

1000.00 1000.00   clock core_clock (rise edge)
   0.00 1000.00   clock source latency
   0.00 1000.00 ^ clk_i (in)
  15.18 1015.18 ^ delaybuf_0_core_clock/Y (BUFx16f_ASAP7_75t_R)
  13.99 1029.17 ^ delaybuf_1_core_clock/Y (BUFx16f_ASAP7_75t_R)
  14.01 1043.17 ^ delaybuf_2_core_clock/Y (BUFx16f_ASAP7_75t_R)
  13.93 1057.10 ^ clkbuf_regs_0_core_clock/Y (BUFx16f_ASAP7_75t_R)
  15.52 1072.63 ^ clkbuf_0_clk_i_regs/Y (BUFx16f_ASAP7_75t_R)
  23.93 1096.56 ^ clkbuf_2_3__f_clk_i_regs/Y (BUFx16f_ASAP7_75t_R)
  25.69 1122.25 ^ clkbuf_leaf_27_clk_i_regs/Y (BUFx24_ASAP7_75t_R)
   1.64 1123.89 ^ gen_regfile_ff.register_file_i.rf_reg[957]$_DFFE_PN0P_/CLK (DFFASRHQNx1_ASAP7_75t_R)
   0.00 1123.89   clock reconvergence pessimism
  -2.79 1121.11   library setup time
        1121.11   data required time
---------------------------------------------------------
        1121.11   data required time
        -1184.02   data arrival time
---------------------------------------------------------
         -62.92   slack (VIOLATED)



==========================================================================
finish report_checks -path_delay min reg to reg
--------------------------------------------------------------------------
Startpoint: fetch_enable_q$_DFFE_PN0P_
            (rising edge-triggered flip-flop clocked by core_clock)
Endpoint: fetch_enable_q$_DFFE_PN0P_
          (rising edge-triggered flip-flop clocked by core_clock)
Path Group: core_clock
Path Type: min

  Delay    Time   Description
---------------------------------------------------------
   0.00    0.00   clock core_clock (rise edge)
   0.00    0.00   clock source latency
   0.00    0.00 ^ clk_i (in)
  15.18   15.18 ^ delaybuf_0_core_clock/Y (BUFx16f_ASAP7_75t_R)
  13.99   29.17 ^ delaybuf_1_core_clock/Y (BUFx16f_ASAP7_75t_R)
  14.01   43.17 ^ delaybuf_2_core_clock/Y (BUFx16f_ASAP7_75t_R)
  13.93   57.10 ^ clkbuf_regs_0_core_clock/Y (BUFx16f_ASAP7_75t_R)
  15.52   72.63 ^ clkbuf_0_clk_i_regs/Y (BUFx16f_ASAP7_75t_R)
  23.94   96.56 ^ clkbuf_2_3__f_clk_i_regs/Y (BUFx16f_ASAP7_75t_R)
  28.53  125.09 ^ clkbuf_leaf_32_clk_i_regs/Y (BUFx24_ASAP7_75t_R)
   3.77  128.86 ^ fetch_enable_q$_DFFE_PN0P_/CLK (DFFASRHQNx1_ASAP7_75t_R)
  42.56  171.42 ^ fetch_enable_q$_DFFE_PN0P_/QN (DFFASRHQNx1_ASAP7_75t_R)
   8.07  179.49 v _28794_/Y (NAND2x1_ASAP7_75t_R)
   0.09  179.57 v fetch_enable_q$_DFFE_PN0P_/D (DFFASRHQNx1_ASAP7_75t_R)
         179.57   data arrival time

   0.00    0.00   clock core_clock (rise edge)
   0.00    0.00   clock source latency
   0.00    0.00 ^ clk_i (in)
  15.75   15.75 ^ delaybuf_0_core_clock/Y (BUFx16f_ASAP7_75t_R)
  14.48   30.23 ^ delaybuf_1_core_clock/Y (BUFx16f_ASAP7_75t_R)
  14.49   44.73 ^ delaybuf_2_core_clock/Y (BUFx16f_ASAP7_75t_R)
  14.42   59.15 ^ clkbuf_regs_0_core_clock/Y (BUFx16f_ASAP7_75t_R)
  16.18   75.33 ^ clkbuf_0_clk_i_regs/Y (BUFx16f_ASAP7_75t_R)
  26.41  101.74 ^ clkbuf_2_3__f_clk_i_regs/Y (BUFx16f_ASAP7_75t_R)
  31.33  133.07 ^ clkbuf_leaf_32_clk_i_regs/Y (BUFx24_ASAP7_75t_R)
   4.12  137.18 ^ fetch_enable_q$_DFFE_PN0P_/CLK (DFFASRHQNx1_ASAP7_75t_R)
  -8.33  128.86   clock reconvergence pessimism
  13.82  142.68   library hold time
         142.68   data required time
---------------------------------------------------------
         142.68   data required time
        -179.57   data arrival time
---------------------------------------------------------
          36.90   slack (MET)



==========================================================================
finish critical path target clock latency max path
--------------------------------------------------------------------------
125.1327

==========================================================================
finish critical path target clock latency min path
--------------------------------------------------------------------------
135.9449

==========================================================================
finish critical path source clock latency min path
--------------------------------------------------------------------------
0.0000

==========================================================================
finish critical path delay
--------------------------------------------------------------------------
883.2401

==========================================================================
finish critical path slack
--------------------------------------------------------------------------
-83.2401

==========================================================================
finish slack div critical path delay
--------------------------------------------------------------------------
-9.424402

==========================================================================
finish report_power
--------------------------------------------------------------------------
Group                  Internal  Switching    Leakage      Total
                          Power      Power      Power      Power (Watts)
----------------------------------------------------------------
Sequential             3.66e-03   6.48e-04   2.45e-07   4.30e-03  17.0%
Combinational          8.11e-03   1.01e-02   1.68e-06   1.82e-02  71.8%
Clock                  1.68e-03   1.17e-03   6.01e-08   2.84e-03  11.2%
Macro                  0.00e+00   0.00e+00   0.00e+00   0.00e+00   0.0%
Pad                    0.00e+00   0.00e+00   0.00e+00   0.00e+00   0.0%
----------------------------------------------------------------
Total                  1.34e-02   1.19e-02   1.99e-06   2.53e-02 100.0%
                          53.1%      46.9%       0.0%
